keymaps 0-15
keycode   1 = Escape           Escape           VoidSymbol       VoidSymbol       VoidSymbol       VoidSymbol       VoidSymbol       VoidSymbol       Meta_Escape      Meta_Escape      VoidSymbol       VoidSymbol       VoidSymbol       VoidSymbol       VoidSymbol       VoidSymbol      
keycode   2 = one              exclam           VoidSymbol       VoidSymbol       VoidSymbol       VoidSymbol       VoidSymbol       VoidSymbol       Meta_one         Meta_exclam      VoidSymbol       VoidSymbol       VoidSymbol       VoidSymbol       VoidSymbol       VoidSymbol      
keycode   3 = two              quotedbl         at               VoidSymbol       nul              VoidSymbol       VoidSymbol       VoidSymbol       Meta_two         Meta_at          VoidSymbol       VoidSymbol       Meta_nul         VoidSymbol       VoidSymbol       VoidSymbol      
keycode   4 = three            numbersign       VoidSymbol       VoidSymbol       Escape           VoidSymbol       VoidSymbol       VoidSymbol       Meta_three       Meta_numbersign  VoidSymbol       VoidSymbol       Meta_Escape      VoidSymbol       VoidSymbol       VoidSymbol      
keycode   5 = four             dollar           dollar           VoidSymbol       Control_backslash VoidSymbol       VoidSymbol       VoidSymbol       Meta_four        Meta_dollar      VoidSymbol       VoidSymbol       Meta_Control_backslash VoidSymbol       VoidSymbol       VoidSymbol      
keycode   6 = five             percent          VoidSymbol       VoidSymbol       Control_bracketright VoidSymbol       VoidSymbol       VoidSymbol       Meta_five        Meta_percent     VoidSymbol       VoidSymbol       Meta_Control_bracketright VoidSymbol       VoidSymbol       VoidSymbol      
keycode   7 = six              asciicircum      VoidSymbol       VoidSymbol       Control_asciicircum VoidSymbol       VoidSymbol       VoidSymbol       Meta_six         Meta_asciicircum VoidSymbol       VoidSymbol       Meta_Control_asciicircum VoidSymbol       VoidSymbol       VoidSymbol      
keycode   8 = seven            ampersand        braceleft        VoidSymbol       Control_underscore VoidSymbol       VoidSymbol       VoidSymbol       Meta_seven       Meta_ampersand   VoidSymbol       VoidSymbol       Meta_Control_underscore VoidSymbol       VoidSymbol       VoidSymbol      
keycode   9 = eight            asterisk         bracketleft      VoidSymbol       Delete           VoidSymbol       VoidSymbol       VoidSymbol       Meta_eight       Meta_asterisk    VoidSymbol       VoidSymbol       Meta_Delete      VoidSymbol       VoidSymbol       VoidSymbol      
keycode  10 = nine             parenleft        bracketright     VoidSymbol       VoidSymbol       VoidSymbol       VoidSymbol       VoidSymbol       Meta_nine        Meta_parenleft   VoidSymbol       VoidSymbol       VoidSymbol       VoidSymbol       VoidSymbol       VoidSymbol      
keycode  11 = zero             parenright       braceright       VoidSymbol       VoidSymbol       VoidSymbol       VoidSymbol       VoidSymbol       Meta_zero        Meta_parenright  VoidSymbol       VoidSymbol       VoidSymbol       VoidSymbol       VoidSymbol       VoidSymbol      
keycode  12 = minus            underscore       backslash        VoidSymbol       Control_underscore VoidSymbol       VoidSymbol       VoidSymbol       Meta_minus       Meta_underscore  VoidSymbol       VoidSymbol       Meta_Control_underscore VoidSymbol       VoidSymbol       VoidSymbol      
keycode  13 = equal            plus             VoidSymbol       VoidSymbol       VoidSymbol       VoidSymbol       VoidSymbol       VoidSymbol       Meta_equal       Meta_plus        VoidSymbol       VoidSymbol       VoidSymbol       VoidSymbol       VoidSymbol       VoidSymbol      
keycode  14 = BackSpace        BackSpace        BackSpace        BackSpace        BackSpace        BackSpace        BackSpace        BackSpace        Meta_BackSpace   Meta_BackSpace   BackSpace        BackSpace        Meta_BackSpace   Meta_BackSpace   BackSpace        BackSpace       
keycode  15 = Tab              Meta_Tab         VoidSymbol       VoidSymbol       VoidSymbol       VoidSymbol       VoidSymbol       VoidSymbol       Meta_Tab         Meta_Tab         VoidSymbol       VoidSymbol       VoidSymbol       VoidSymbol       VoidSymbol       VoidSymbol      
keycode  16 = +q               +Q               VoidSymbol       VoidSymbol       Control_q        VoidSymbol       VoidSymbol       VoidSymbol       Meta_q           Meta_Q           VoidSymbol       VoidSymbol       Meta_Control_q   VoidSymbol       VoidSymbol       VoidSymbol      
keycode  17 = +w               +W               VoidSymbol       VoidSymbol       Control_w        VoidSymbol       VoidSymbol       VoidSymbol       Meta_w           Meta_W           VoidSymbol       VoidSymbol       Meta_Control_w   VoidSymbol       VoidSymbol       VoidSymbol      
keycode  18 = +e               +E               VoidSymbol       VoidSymbol       Control_e        VoidSymbol       VoidSymbol       VoidSymbol       Meta_e           Meta_E           VoidSymbol       VoidSymbol       Meta_Control_e   VoidSymbol       VoidSymbol       VoidSymbol      
keycode  19 = +r               +R               VoidSymbol       VoidSymbol       Control_r        VoidSymbol       VoidSymbol       VoidSymbol       Meta_r           Meta_R           VoidSymbol       VoidSymbol       Meta_Control_r   VoidSymbol       VoidSymbol       VoidSymbol      
keycode  20 = +t               +T               VoidSymbol       VoidSymbol       Control_t        VoidSymbol       VoidSymbol       VoidSymbol       Meta_t           Meta_T           VoidSymbol       VoidSymbol       Meta_Control_t   VoidSymbol       VoidSymbol       VoidSymbol      
keycode  21 = +y               +Y               VoidSymbol       VoidSymbol       Control_y        VoidSymbol       VoidSymbol       VoidSymbol       Meta_y           Meta_Y           VoidSymbol       VoidSymbol       Meta_Control_y   VoidSymbol       VoidSymbol       VoidSymbol      
keycode  22 = +u               +U               VoidSymbol       VoidSymbol       Control_u        VoidSymbol       VoidSymbol       VoidSymbol       Meta_u           Meta_U           VoidSymbol       VoidSymbol       Meta_Control_u   VoidSymbol       VoidSymbol       VoidSymbol      
keycode  23 = +i               +I               VoidSymbol       VoidSymbol       Tab              VoidSymbol       VoidSymbol       VoidSymbol       Meta_i           Meta_I           VoidSymbol       VoidSymbol       Meta_Tab         VoidSymbol       VoidSymbol       VoidSymbol      
keycode  24 = +o               +O               VoidSymbol       VoidSymbol       Control_o        VoidSymbol       VoidSymbol       VoidSymbol       Meta_o           Meta_O           VoidSymbol       VoidSymbol       Meta_Control_o   VoidSymbol       VoidSymbol       VoidSymbol      
keycode  25 = +p               +P               VoidSymbol       VoidSymbol       Control_p        VoidSymbol       VoidSymbol       VoidSymbol       Meta_p           Meta_P           VoidSymbol       VoidSymbol       Meta_Control_p   VoidSymbol       VoidSymbol       VoidSymbol      
keycode  26 = bracketleft      braceleft        VoidSymbol       VoidSymbol       Escape           VoidSymbol       VoidSymbol       VoidSymbol       Meta_bracketleft Meta_braceleft   VoidSymbol       VoidSymbol       Meta_Escape      VoidSymbol       VoidSymbol       VoidSymbol      
keycode  27 = bracketright     braceright       asciitilde       VoidSymbol       Control_bracketright VoidSymbol       VoidSymbol       VoidSymbol       Meta_bracketright Meta_braceright  VoidSymbol       VoidSymbol       Meta_Control_bracketright VoidSymbol       VoidSymbol       VoidSymbol      
keycode  28 = Return           Return           Return           Return           Return           Return           Return           Return           Meta_Control_m   AltGr_Lock       Return           Return           AltGr_Lock       AltGr_Lock       Return           Return          
keycode  29 = Control          Control          Control          Control          Control          Control          Control          Control          Control          Control          Control          Control          Control          Control          Control          Control         
keycode  30 = +a               +A               VoidSymbol       VoidSymbol       Control_a        VoidSymbol       VoidSymbol       VoidSymbol       Meta_a           Meta_A           VoidSymbol       VoidSymbol       Meta_Control_a   VoidSymbol       VoidSymbol       VoidSymbol      
keycode  31 = +s               +S               VoidSymbol       VoidSymbol       Control_s        VoidSymbol       VoidSymbol       VoidSymbol       Meta_s           Meta_S           VoidSymbol       VoidSymbol       Meta_Control_s   VoidSymbol       VoidSymbol       VoidSymbol      
keycode  32 = +d               +D               VoidSymbol       VoidSymbol       Control_d        VoidSymbol       VoidSymbol       VoidSymbol       Meta_d           Meta_D           VoidSymbol       VoidSymbol       Meta_Control_d   VoidSymbol       VoidSymbol       VoidSymbol      
keycode  33 = +f               +F               VoidSymbol       VoidSymbol       Control_f        VoidSymbol       VoidSymbol       VoidSymbol       Meta_f           Meta_F           VoidSymbol       VoidSymbol       Meta_Control_f   VoidSymbol       VoidSymbol       VoidSymbol      
keycode  34 = +g               +G               VoidSymbol       VoidSymbol       Control_g        VoidSymbol       VoidSymbol       VoidSymbol       Meta_g           Meta_G           VoidSymbol       VoidSymbol       Meta_Control_g   VoidSymbol       VoidSymbol       VoidSymbol      
keycode  35 = +h               +H               VoidSymbol       VoidSymbol       BackSpace        VoidSymbol       VoidSymbol       VoidSymbol       Meta_h           Meta_H           VoidSymbol       VoidSymbol       Meta_BackSpace   VoidSymbol       VoidSymbol       VoidSymbol      
keycode  36 = +j               +J               VoidSymbol       VoidSymbol       Linefeed         VoidSymbol       VoidSymbol       VoidSymbol       Meta_j           Meta_J           VoidSymbol       VoidSymbol       Meta_Linefeed    VoidSymbol       VoidSymbol       VoidSymbol      
keycode  37 = +k               +K               VoidSymbol       VoidSymbol       Control_k        VoidSymbol       VoidSymbol       VoidSymbol       Meta_k           Meta_K           VoidSymbol       VoidSymbol       Meta_Control_k   VoidSymbol       VoidSymbol       VoidSymbol      
keycode  38 = +l               +L               VoidSymbol       VoidSymbol       Control_l        VoidSymbol       VoidSymbol       VoidSymbol       Meta_l           Meta_L           VoidSymbol       VoidSymbol       Meta_Control_l   VoidSymbol       VoidSymbol       VoidSymbol      
keycode  39 = semicolon        colon            VoidSymbol       VoidSymbol       VoidSymbol       VoidSymbol       VoidSymbol       VoidSymbol       Meta_semicolon   Meta_colon       VoidSymbol       VoidSymbol       VoidSymbol       VoidSymbol       VoidSymbol       VoidSymbol      
keycode  40 = apostrophe       at               VoidSymbol       VoidSymbol       Control_g        VoidSymbol       VoidSymbol       VoidSymbol       Meta_apostrophe  Meta_quotedbl    VoidSymbol       VoidSymbol       Meta_Control_g   VoidSymbol       VoidSymbol       VoidSymbol      
keycode  41 = grave            bar              VoidSymbol       VoidSymbol       nul              VoidSymbol       VoidSymbol       VoidSymbol       Meta_grave       Meta_asciitilde  VoidSymbol       VoidSymbol       Meta_nul         VoidSymbol       VoidSymbol       VoidSymbol      
keycode  42 = Shift            Shift            Shift            Shift            Shift            Shift            Shift            Shift            Shift            Shift            Shift            Shift            Shift            Shift            Shift            Shift           
keycode  43 = numbersign       asciitilde       VoidSymbol       VoidSymbol       Control_backslash VoidSymbol       VoidSymbol       VoidSymbol       Meta_backslash   Meta_bar         VoidSymbol       VoidSymbol       Meta_Control_backslash VoidSymbol       VoidSymbol       VoidSymbol      
keycode  44 = +z               +Z               VoidSymbol       VoidSymbol       Control_z        VoidSymbol       VoidSymbol       VoidSymbol       Meta_z           Meta_Z           VoidSymbol       VoidSymbol       Meta_Control_z   VoidSymbol       VoidSymbol       VoidSymbol      
keycode  45 = +x               +X               VoidSymbol       VoidSymbol       Control_x        VoidSymbol       VoidSymbol       VoidSymbol       Meta_x           Meta_X           VoidSymbol       VoidSymbol       Meta_Control_x   VoidSymbol       VoidSymbol       VoidSymbol      
keycode  46 = +c               +C               VoidSymbol       VoidSymbol       Control_c        VoidSymbol       VoidSymbol       VoidSymbol       Meta_c           Meta_C           VoidSymbol       VoidSymbol       Meta_Control_c   VoidSymbol       VoidSymbol       VoidSymbol      
keycode  47 = +v               +V               VoidSymbol       VoidSymbol       Control_v        VoidSymbol       VoidSymbol       VoidSymbol       Meta_v           Meta_V           VoidSymbol       VoidSymbol       Meta_Control_v   VoidSymbol       VoidSymbol       VoidSymbol      
keycode  48 = +b               +B               VoidSymbol       VoidSymbol       Control_b        VoidSymbol       VoidSymbol       VoidSymbol       Meta_b           Meta_B           VoidSymbol       VoidSymbol       Meta_Control_b   VoidSymbol       VoidSymbol       VoidSymbol      
keycode  49 = +n               +N               VoidSymbol       VoidSymbol       Control_n        VoidSymbol       VoidSymbol       VoidSymbol       Meta_n           Meta_N           VoidSymbol       VoidSymbol       Meta_Control_n   VoidSymbol       VoidSymbol       VoidSymbol      
keycode  50 = +m               +M               VoidSymbol       VoidSymbol       Control_m        VoidSymbol       VoidSymbol       VoidSymbol       Meta_m           Meta_M           VoidSymbol       VoidSymbol       Meta_Control_m   VoidSymbol       VoidSymbol       VoidSymbol      
keycode  51 = comma            less             VoidSymbol       VoidSymbol       VoidSymbol       VoidSymbol       VoidSymbol       VoidSymbol       Meta_comma       Meta_less        VoidSymbol       VoidSymbol       VoidSymbol       VoidSymbol       VoidSymbol       VoidSymbol      
keycode  52 = period           greater          VoidSymbol       VoidSymbol       VoidSymbol       VoidSymbol       VoidSymbol       VoidSymbol       Meta_period      Meta_greater     VoidSymbol       VoidSymbol       VoidSymbol       VoidSymbol       VoidSymbol       VoidSymbol      
keycode  53 = slash            question         VoidSymbol       VoidSymbol       Delete           VoidSymbol       VoidSymbol       VoidSymbol       Meta_slash       Meta_question    VoidSymbol       VoidSymbol       Meta_Delete      VoidSymbol       VoidSymbol       VoidSymbol      
keycode  54 = Shift            Shift            Shift            Shift            Shift            Shift            Shift            Shift            Shift            Shift            Shift            Shift            Shift            Shift            Shift            Shift           
keycode  55 = VoidSymbol       VoidSymbol       VoidSymbol       VoidSymbol       VoidSymbol       VoidSymbol       VoidSymbol       VoidSymbol       VoidSymbol       VoidSymbol       VoidSymbol       VoidSymbol       VoidSymbol       VoidSymbol       VoidSymbol       VoidSymbol      
keycode  56 = Alt              Alt              Alt              Alt              Alt              Alt              Alt              Alt              Alt              Alt              Alt              Alt              Alt              Alt              Alt              Alt             
keycode  57 = space            space            VoidSymbol       VoidSymbol       nul              VoidSymbol       VoidSymbol       VoidSymbol       Meta_space       Meta_space       VoidSymbol       VoidSymbol       Meta_nul         VoidSymbol       VoidSymbol       VoidSymbol      
keycode  58 = Caps_Lock        Caps_Lock        Caps_Lock        Caps_Lock        Caps_Lock        Caps_Lock        Caps_Lock        Caps_Lock        Num_Lock         Caps_Lock        Caps_Lock        Caps_Lock        Caps_Lock        Caps_Lock        Caps_Lock        Caps_Lock       
keycode  59 = F1               F11              Console_13       VoidSymbol       F1               VoidSymbol       VoidSymbol       VoidSymbol       Console_1        Console_11       VoidSymbol       VoidSymbol       F1               VoidSymbol       VoidSymbol       VoidSymbol      
keycode  60 = F2               F12              Console_14       VoidSymbol       F2               VoidSymbol       VoidSymbol       VoidSymbol       Console_2        Console_12       VoidSymbol       VoidSymbol       F2               VoidSymbol       VoidSymbol       VoidSymbol      
keycode  61 = F3               F13              Console_15       VoidSymbol       F3               VoidSymbol       VoidSymbol       VoidSymbol       Console_3        Console_13       VoidSymbol       VoidSymbol       F3               VoidSymbol       VoidSymbol       VoidSymbol      
keycode  62 = F4               F14              Console_16       VoidSymbol       F4               VoidSymbol       VoidSymbol       VoidSymbol       Console_4        Console_14       VoidSymbol       VoidSymbol       F4               VoidSymbol       VoidSymbol       VoidSymbol      
keycode  63 = F5               F15              Console_17       VoidSymbol       F5               VoidSymbol       VoidSymbol       VoidSymbol       Console_5        Console_15       VoidSymbol       VoidSymbol       F5               VoidSymbol       VoidSymbol       VoidSymbol      
keycode  64 = F6               F16              Console_18       VoidSymbol       F6               VoidSymbol       VoidSymbol       VoidSymbol       Console_6        Console_16       VoidSymbol       VoidSymbol       F6               VoidSymbol       VoidSymbol       VoidSymbol      
keycode  65 = F7               F17              Console_19       VoidSymbol       F7               VoidSymbol       VoidSymbol       VoidSymbol       Console_7        Console_17       VoidSymbol       VoidSymbol       F7               VoidSymbol       VoidSymbol       VoidSymbol      
keycode  66 = F8               F18              Console_20       VoidSymbol       F8               VoidSymbol       VoidSymbol       VoidSymbol       Console_8        Console_18       VoidSymbol       VoidSymbol       F8               VoidSymbol       VoidSymbol       VoidSymbol      
keycode  67 = F9               F19              Console_21       VoidSymbol       F9               VoidSymbol       VoidSymbol       VoidSymbol       Console_9        Console_19       VoidSymbol       VoidSymbol       F9               VoidSymbol       VoidSymbol       VoidSymbol      
keycode  68 = F10              F20              Console_22       VoidSymbol       F10              VoidSymbol       VoidSymbol       VoidSymbol       Console_10       Console_20       VoidSymbol       VoidSymbol       F10              VoidSymbol       VoidSymbol       VoidSymbol      
keycode  69 = VoidSymbol       VoidSymbol       VoidSymbol       VoidSymbol       VoidSymbol       VoidSymbol       VoidSymbol       VoidSymbol       VoidSymbol       VoidSymbol       VoidSymbol       VoidSymbol       VoidSymbol       VoidSymbol       VoidSymbol       VoidSymbol      
keycode  70 = VoidSymbol       VoidSymbol       VoidSymbol       VoidSymbol       VoidSymbol       VoidSymbol       VoidSymbol       VoidSymbol       VoidSymbol       VoidSymbol       VoidSymbol       VoidSymbol       VoidSymbol       VoidSymbol       VoidSymbol       VoidSymbol      
keycode  71 = Find             Select           Find             Find             Find             Find             Find             Find             Find             Select           Find             Find             Find             Find             Find             Find            
keycode  72 = Up               Prior            Up               Up               Up               Up               Up               Up               Scroll_Backward  Prior            Up               Up               Up               Up               Up               Up              
keycode  73 = VoidSymbol       VoidSymbol       VoidSymbol       VoidSymbol       VoidSymbol       VoidSymbol       VoidSymbol       VoidSymbol       VoidSymbol       VoidSymbol       VoidSymbol       VoidSymbol       VoidSymbol       VoidSymbol       VoidSymbol       VoidSymbol      
keycode  74 = minus            minus            minus            minus            minus            minus            minus            minus            minus            minus            minus            minus            minus            minus            minus            minus           
keycode  75 = Left             Left             Left             Left             Left             Left             Left             Left             Left             Left             Left             Left             Left             Left             Left             Left            
keycode  76 = VoidSymbol       VoidSymbol       VoidSymbol       VoidSymbol       VoidSymbol       VoidSymbol       VoidSymbol       VoidSymbol       VoidSymbol       VoidSymbol       VoidSymbol       VoidSymbol       VoidSymbol       VoidSymbol       VoidSymbol       VoidSymbol      
keycode  77 = Right            Right            Right            Right            Right            Right            Right            Right            Right            Right            Right            Right            Right            Right            Right            Right           
keycode  78 = plus             plus             plus             plus             plus             plus             plus             plus             plus             plus             plus             plus             plus             plus             plus             plus            
keycode  79 = VoidSymbol       VoidSymbol       VoidSymbol       VoidSymbol       VoidSymbol       VoidSymbol       VoidSymbol       VoidSymbol       VoidSymbol       VoidSymbol       VoidSymbol       VoidSymbol       VoidSymbol       VoidSymbol       VoidSymbol       VoidSymbol      
keycode  80 = Down             Next             Down             Down             Down             Down             Down             Down             Scroll_Forward   Next             Down             Down             Down             Down             Down             Down            
keycode  81 = VoidSymbol       VoidSymbol       VoidSymbol       VoidSymbol       VoidSymbol       VoidSymbol       VoidSymbol       VoidSymbol       VoidSymbol       VoidSymbol       VoidSymbol       VoidSymbol       VoidSymbol       VoidSymbol       VoidSymbol       VoidSymbol      
keycode  82 = Insert           Insert           Insert           Insert           Insert           Insert           Insert           Insert           Scroll_Lock      Insert           Insert           Insert           Insert           Insert           Insert           Insert          
keycode  83 = Delete           Delete           VoidSymbol       VoidSymbol       VoidSymbol       VoidSymbol       VoidSymbol       VoidSymbol       Meta_Delete      Meta_Delete      VoidSymbol       VoidSymbol       Boot             VoidSymbol       VoidSymbol       VoidSymbol      
keycode  84 = VoidSymbol       VoidSymbol       VoidSymbol       VoidSymbol       VoidSymbol       VoidSymbol       VoidSymbol       VoidSymbol       VoidSymbol       VoidSymbol       VoidSymbol       VoidSymbol       VoidSymbol       VoidSymbol       VoidSymbol       VoidSymbol      
keycode  85 = VoidSymbol       VoidSymbol       VoidSymbol       VoidSymbol       VoidSymbol       VoidSymbol       VoidSymbol       VoidSymbol       VoidSymbol       VoidSymbol       VoidSymbol       VoidSymbol       VoidSymbol       VoidSymbol       VoidSymbol       VoidSymbol      
keycode  86 = VoidSymbol       VoidSymbol       VoidSymbol       VoidSymbol       VoidSymbol       VoidSymbol       VoidSymbol       VoidSymbol       VoidSymbol       VoidSymbol       VoidSymbol       VoidSymbol       VoidSymbol       VoidSymbol       VoidSymbol       VoidSymbol      
keycode  87 = VoidSymbol       VoidSymbol       VoidSymbol       VoidSymbol       VoidSymbol       VoidSymbol       VoidSymbol       VoidSymbol       VoidSymbol       VoidSymbol       VoidSymbol       VoidSymbol       VoidSymbol       VoidSymbol       VoidSymbol       VoidSymbol      
keycode  88 = VoidSymbol       VoidSymbol       VoidSymbol       VoidSymbol       VoidSymbol       VoidSymbol       VoidSymbol       VoidSymbol       VoidSymbol       VoidSymbol       VoidSymbol       VoidSymbol       VoidSymbol       VoidSymbol       VoidSymbol       VoidSymbol      
keycode  89 = VoidSymbol       VoidSymbol       VoidSymbol       VoidSymbol       VoidSymbol       VoidSymbol       VoidSymbol       VoidSymbol       VoidSymbol       VoidSymbol       VoidSymbol       VoidSymbol       VoidSymbol       VoidSymbol       VoidSymbol       VoidSymbol      
keycode  90 = VoidSymbol       VoidSymbol       VoidSymbol       VoidSymbol       VoidSymbol       VoidSymbol       VoidSymbol       VoidSymbol       VoidSymbol       VoidSymbol       VoidSymbol       VoidSymbol       VoidSymbol       VoidSymbol       VoidSymbol       VoidSymbol      
keycode  91 = VoidSymbol       VoidSymbol       VoidSymbol       VoidSymbol       VoidSymbol       VoidSymbol       VoidSymbol       VoidSymbol       VoidSymbol       VoidSymbol       VoidSymbol       VoidSymbol       VoidSymbol       VoidSymbol       VoidSymbol       VoidSymbol      
keycode  92 = VoidSymbol       VoidSymbol       VoidSymbol       VoidSymbol       VoidSymbol       VoidSymbol       VoidSymbol       VoidSymbol       VoidSymbol       VoidSymbol       VoidSymbol       VoidSymbol       VoidSymbol       VoidSymbol       VoidSymbol       VoidSymbol      
keycode  93 = VoidSymbol       VoidSymbol       VoidSymbol       VoidSymbol       VoidSymbol       VoidSymbol       VoidSymbol       VoidSymbol       VoidSymbol       VoidSymbol       VoidSymbol       VoidSymbol       VoidSymbol       VoidSymbol       VoidSymbol       VoidSymbol      
keycode  94 = VoidSymbol       VoidSymbol       VoidSymbol       VoidSymbol       VoidSymbol       VoidSymbol       VoidSymbol       VoidSymbol       VoidSymbol       VoidSymbol       VoidSymbol       VoidSymbol       VoidSymbol       VoidSymbol       VoidSymbol       VoidSymbol      
keycode  95 = VoidSymbol       VoidSymbol       VoidSymbol       VoidSymbol       VoidSymbol       VoidSymbol       VoidSymbol       VoidSymbol       VoidSymbol       VoidSymbol       VoidSymbol       VoidSymbol       VoidSymbol       VoidSymbol       VoidSymbol       VoidSymbol      
keycode  96 = backslash        bar              VoidSymbol       VoidSymbol       VoidSymbol       VoidSymbol       VoidSymbol       VoidSymbol       VoidSymbol       VoidSymbol       VoidSymbol       VoidSymbol       VoidSymbol       VoidSymbol       VoidSymbol       VoidSymbol      
keycode  97 = Pause            Break            VoidSymbol       VoidSymbol       Pause            VoidSymbol       VoidSymbol       VoidSymbol       Last_Console     VoidSymbol       VoidSymbol       VoidSymbol       VoidSymbol       VoidSymbol       VoidSymbol       VoidSymbol      
keycode  98 = Macro            Show_Memory      Help             Help             Show_Registers   VoidSymbol       Help             Help             Show_State       VoidSymbol       Help             Help             VoidSymbol       VoidSymbol       VoidSymbol       VoidSymbol      
keycode  99 = parenleft        parenleft        VoidSymbol       VoidSymbol       parenleft        parenleft        VoidSymbol       VoidSymbol       parenleft        parenleft        VoidSymbol       VoidSymbol       parenleft        parenleft        VoidSymbol       VoidSymbol      
keycode 100 = parenright       parenright       VoidSymbol       VoidSymbol       parenright       parenright       VoidSymbol       VoidSymbol       parenright       parenright       VoidSymbol       VoidSymbol       parenright       parenright       VoidSymbol       VoidSymbol      
keycode 101 = slash            slash            slash            slash            slash            slash            slash            slash            slash            slash            slash            slash            slash            slash            slash            slash           
keycode 102 = asterisk         asterisk         asterisk         asterisk         asterisk         asterisk         asterisk         asterisk         asterisk         asterisk         asterisk         asterisk         asterisk         asterisk         asterisk         asterisk        
keycode 103 = seven            seven            seven            seven            seven            seven            seven            seven            Ascii_7          seven            seven            seven            seven            seven            seven            seven           
keycode 104 = eight            eight            eight            eight            eight            eight            eight            eight            Ascii_8          eight            eight            eight            eight            eight            eight            eight           
keycode 105 = nine             nine             nine             nine             nine             nine             nine             nine             Ascii_9          nine             nine             nine             nine             nine             nine             nine            
keycode 106 = four             four             four             four             four             four             four             four             Ascii_4          four             four             four             four             four             four             four            
keycode 107 = five             five             five             five             five             five             five             five             Ascii_5          five             five             five             five             five             five             five            
keycode 108 = six              six              six              six              six              six              six              six              Ascii_6          six              six              six              six              six              six              six             
keycode 109 = one              one              one              one              one              one              one              one              Ascii_1          one              one              one              one              one              one              one             
keycode 110 = two              two              two              two              two              two              two              two              Ascii_2          two              two              two              two              two              two              two             
keycode 111 = three            three            three            three            three            three            three            three            Ascii_3          three            three            three            three            three            three            three           
keycode 112 = zero             zero             zero             zero             zero             zero             zero             zero             Ascii_0          zero             zero             zero             zero             zero             zero             zero            
keycode 113 = period           period           period           period           period           period           Boot             period           period           period           period           period           period           period           period           period          
keycode 114 = Return           Return           Return           Return           Return           Return           Return           Return           Return           Return           Return           Return           Return           Return           Return           Return          
keycode 115 = VoidSymbol       VoidSymbol       VoidSymbol       VoidSymbol       VoidSymbol       VoidSymbol       VoidSymbol       VoidSymbol       VoidSymbol       VoidSymbol       VoidSymbol       VoidSymbol       VoidSymbol       VoidSymbol       VoidSymbol       VoidSymbol      
keycode 116 = VoidSymbol       VoidSymbol       VoidSymbol       VoidSymbol       VoidSymbol       VoidSymbol       VoidSymbol       VoidSymbol       VoidSymbol       VoidSymbol       VoidSymbol       VoidSymbol       VoidSymbol       VoidSymbol       VoidSymbol       VoidSymbol      
keycode 117 = VoidSymbol       VoidSymbol       VoidSymbol       VoidSymbol       VoidSymbol       VoidSymbol       VoidSymbol       VoidSymbol       VoidSymbol       VoidSymbol       VoidSymbol       VoidSymbol       VoidSymbol       VoidSymbol       VoidSymbol       VoidSymbol      
keycode 118 = VoidSymbol       VoidSymbol       VoidSymbol       VoidSymbol       VoidSymbol       VoidSymbol       VoidSymbol       VoidSymbol       VoidSymbol       VoidSymbol       VoidSymbol       VoidSymbol       VoidSymbol       VoidSymbol       VoidSymbol       VoidSymbol      
keycode 119 = VoidSymbol       VoidSymbol       VoidSymbol       VoidSymbol       VoidSymbol       VoidSymbol       VoidSymbol       VoidSymbol       VoidSymbol       VoidSymbol       VoidSymbol       VoidSymbol       VoidSymbol       VoidSymbol       VoidSymbol       VoidSymbol      
keycode 120 = VoidSymbol       VoidSymbol       VoidSymbol       VoidSymbol       VoidSymbol       VoidSymbol       VoidSymbol       VoidSymbol       VoidSymbol       VoidSymbol       VoidSymbol       VoidSymbol       VoidSymbol       VoidSymbol       VoidSymbol       VoidSymbol      
keycode 121 = VoidSymbol       VoidSymbol       VoidSymbol       VoidSymbol       VoidSymbol       VoidSymbol       VoidSymbol       VoidSymbol       VoidSymbol       VoidSymbol       VoidSymbol       VoidSymbol       VoidSymbol       VoidSymbol       VoidSymbol       VoidSymbol      
keycode 122 = VoidSymbol       VoidSymbol       VoidSymbol       VoidSymbol       VoidSymbol       VoidSymbol       VoidSymbol       VoidSymbol       VoidSymbol       VoidSymbol       VoidSymbol       VoidSymbol       VoidSymbol       VoidSymbol       VoidSymbol       VoidSymbol      
keycode 123 = VoidSymbol       VoidSymbol       VoidSymbol       VoidSymbol       VoidSymbol       VoidSymbol       VoidSymbol       VoidSymbol       VoidSymbol       VoidSymbol       VoidSymbol       VoidSymbol       VoidSymbol       VoidSymbol       VoidSymbol       VoidSymbol      
keycode 124 = VoidSymbol       VoidSymbol       VoidSymbol       VoidSymbol       VoidSymbol       VoidSymbol       VoidSymbol       VoidSymbol       VoidSymbol       VoidSymbol       VoidSymbol       VoidSymbol       VoidSymbol       VoidSymbol       VoidSymbol       VoidSymbol      
keycode 125 = VoidSymbol       VoidSymbol       VoidSymbol       VoidSymbol       VoidSymbol       VoidSymbol       VoidSymbol       VoidSymbol       VoidSymbol       VoidSymbol       VoidSymbol       VoidSymbol       VoidSymbol       VoidSymbol       VoidSymbol       VoidSymbol      
keycode 126 = VoidSymbol       VoidSymbol       VoidSymbol       VoidSymbol       VoidSymbol       VoidSymbol       VoidSymbol       VoidSymbol       VoidSymbol       VoidSymbol       VoidSymbol       VoidSymbol       VoidSymbol       VoidSymbol       VoidSymbol       VoidSymbol      
keycode 127 = VoidSymbol       VoidSymbol       VoidSymbol       VoidSymbol       VoidSymbol       VoidSymbol       VoidSymbol       VoidSymbol       VoidSymbol       VoidSymbol       VoidSymbol       VoidSymbol       VoidSymbol       VoidSymbol       VoidSymbol       VoidSymbol      
keycode 128 = VoidSymbol       VoidSymbol       VoidSymbol       VoidSymbol       VoidSymbol       VoidSymbol       VoidSymbol       VoidSymbol       VoidSymbol       VoidSymbol       VoidSymbol       VoidSymbol       VoidSymbol       VoidSymbol       VoidSymbol       VoidSymbol      
keycode 129 = VoidSymbol       VoidSymbol       VoidSymbol       VoidSymbol       VoidSymbol       VoidSymbol       VoidSymbol       VoidSymbol       VoidSymbol       VoidSymbol       VoidSymbol       VoidSymbol       VoidSymbol       VoidSymbol       VoidSymbol       VoidSymbol      
keycode 130 = VoidSymbol       VoidSymbol       VoidSymbol       VoidSymbol       VoidSymbol       VoidSymbol       VoidSymbol       VoidSymbol       VoidSymbol       VoidSymbol       VoidSymbol       VoidSymbol       VoidSymbol       VoidSymbol       VoidSymbol       VoidSymbol      
keycode 131 = VoidSymbol       VoidSymbol       VoidSymbol       VoidSymbol       VoidSymbol       VoidSymbol       VoidSymbol       VoidSymbol       VoidSymbol       VoidSymbol       VoidSymbol       VoidSymbol       VoidSymbol       VoidSymbol       VoidSymbol       VoidSymbol      
keycode 132 = VoidSymbol       VoidSymbol       VoidSymbol       VoidSymbol       VoidSymbol       VoidSymbol       VoidSymbol       VoidSymbol       VoidSymbol       VoidSymbol       VoidSymbol       VoidSymbol       VoidSymbol       VoidSymbol       VoidSymbol       VoidSymbol      
keycode 133 = VoidSymbol       VoidSymbol       VoidSymbol       VoidSymbol       VoidSymbol       VoidSymbol       VoidSymbol       VoidSymbol       VoidSymbol       VoidSymbol       VoidSymbol       VoidSymbol       VoidSymbol       VoidSymbol       VoidSymbol       VoidSymbol      
keycode 134 = VoidSymbol       VoidSymbol       VoidSymbol       VoidSymbol       VoidSymbol       VoidSymbol       VoidSymbol       VoidSymbol       VoidSymbol       VoidSymbol       VoidSymbol       VoidSymbol       VoidSymbol       VoidSymbol       VoidSymbol       VoidSymbol      
keycode 135 = VoidSymbol       VoidSymbol       VoidSymbol       VoidSymbol       VoidSymbol       VoidSymbol       VoidSymbol       VoidSymbol       VoidSymbol       VoidSymbol       VoidSymbol       VoidSymbol       VoidSymbol       VoidSymbol       VoidSymbol       VoidSymbol      
keycode 136 = VoidSymbol       VoidSymbol       VoidSymbol       VoidSymbol       VoidSymbol       VoidSymbol       VoidSymbol       VoidSymbol       VoidSymbol       VoidSymbol       VoidSymbol       VoidSymbol       VoidSymbol       VoidSymbol       VoidSymbol       VoidSymbol      
keycode 137 = VoidSymbol       VoidSymbol       VoidSymbol       VoidSymbol       VoidSymbol       VoidSymbol       VoidSymbol       VoidSymbol       VoidSymbol       VoidSymbol       VoidSymbol       VoidSymbol       VoidSymbol       VoidSymbol       VoidSymbol       VoidSymbol      
keycode 138 = VoidSymbol       VoidSymbol       VoidSymbol       VoidSymbol       VoidSymbol       VoidSymbol       VoidSymbol       VoidSymbol       VoidSymbol       VoidSymbol       VoidSymbol       VoidSymbol       VoidSymbol       VoidSymbol       VoidSymbol       VoidSymbol      
keycode 139 = VoidSymbol       VoidSymbol       VoidSymbol       VoidSymbol       VoidSymbol       VoidSymbol       VoidSymbol       VoidSymbol       VoidSymbol       VoidSymbol       VoidSymbol       VoidSymbol       VoidSymbol       VoidSymbol       VoidSymbol       VoidSymbol      
keycode 140 = VoidSymbol       VoidSymbol       VoidSymbol       VoidSymbol       VoidSymbol       VoidSymbol       VoidSymbol       VoidSymbol       VoidSymbol       VoidSymbol       VoidSymbol       VoidSymbol       VoidSymbol       VoidSymbol       VoidSymbol       VoidSymbol      
keycode 141 = VoidSymbol       VoidSymbol       VoidSymbol       VoidSymbol       VoidSymbol       VoidSymbol       VoidSymbol       VoidSymbol       VoidSymbol       VoidSymbol       VoidSymbol       VoidSymbol       VoidSymbol       VoidSymbol       VoidSymbol       VoidSymbol      
keycode 142 = VoidSymbol       VoidSymbol       VoidSymbol       VoidSymbol       VoidSymbol       VoidSymbol       VoidSymbol       VoidSymbol       VoidSymbol       VoidSymbol       VoidSymbol       VoidSymbol       VoidSymbol       VoidSymbol       VoidSymbol       VoidSymbol      
keycode 143 = VoidSymbol       VoidSymbol       VoidSymbol       VoidSymbol       VoidSymbol       VoidSymbol       VoidSymbol       VoidSymbol       VoidSymbol       VoidSymbol       VoidSymbol       VoidSymbol       VoidSymbol       VoidSymbol       VoidSymbol       VoidSymbol      
keycode 144 = VoidSymbol       VoidSymbol       VoidSymbol       VoidSymbol       VoidSymbol       VoidSymbol       VoidSymbol       VoidSymbol       VoidSymbol       VoidSymbol       VoidSymbol       VoidSymbol       VoidSymbol       VoidSymbol       VoidSymbol       VoidSymbol      
keycode 145 = VoidSymbol       VoidSymbol       VoidSymbol       VoidSymbol       VoidSymbol       VoidSymbol       VoidSymbol       VoidSymbol       VoidSymbol       VoidSymbol       VoidSymbol       VoidSymbol       VoidSymbol       VoidSymbol       VoidSymbol       VoidSymbol      
keycode 146 = VoidSymbol       VoidSymbol       VoidSymbol       VoidSymbol       VoidSymbol       VoidSymbol       VoidSymbol       VoidSymbol       VoidSymbol       VoidSymbol       VoidSymbol       VoidSymbol       VoidSymbol       VoidSymbol       VoidSymbol       VoidSymbol      
keycode 147 = VoidSymbol       VoidSymbol       VoidSymbol       VoidSymbol       VoidSymbol       VoidSymbol       VoidSymbol       VoidSymbol       VoidSymbol       VoidSymbol       VoidSymbol       VoidSymbol       VoidSymbol       VoidSymbol       VoidSymbol       VoidSymbol      
keycode 148 = VoidSymbol       VoidSymbol       VoidSymbol       VoidSymbol       VoidSymbol       VoidSymbol       VoidSymbol       VoidSymbol       VoidSymbol       VoidSymbol       VoidSymbol       VoidSymbol       VoidSymbol       VoidSymbol       VoidSymbol       VoidSymbol      
keycode 149 = VoidSymbol       VoidSymbol       VoidSymbol       VoidSymbol       VoidSymbol       VoidSymbol       VoidSymbol       VoidSymbol       VoidSymbol       VoidSymbol       VoidSymbol       VoidSymbol       VoidSymbol       VoidSymbol       VoidSymbol       VoidSymbol      
keycode 150 = VoidSymbol       VoidSymbol       VoidSymbol       VoidSymbol       VoidSymbol       VoidSymbol       VoidSymbol       VoidSymbol       VoidSymbol       VoidSymbol       VoidSymbol       VoidSymbol       VoidSymbol       VoidSymbol       VoidSymbol       VoidSymbol      
keycode 151 = VoidSymbol       VoidSymbol       VoidSymbol       VoidSymbol       VoidSymbol       VoidSymbol       VoidSymbol       VoidSymbol       VoidSymbol       VoidSymbol       VoidSymbol       VoidSymbol       VoidSymbol       VoidSymbol       VoidSymbol       VoidSymbol      
keycode 152 = VoidSymbol       VoidSymbol       VoidSymbol       VoidSymbol       VoidSymbol       VoidSymbol       VoidSymbol       VoidSymbol       VoidSymbol       VoidSymbol       VoidSymbol       VoidSymbol       VoidSymbol       VoidSymbol       VoidSymbol       VoidSymbol      
keycode 153 = VoidSymbol       VoidSymbol       VoidSymbol       VoidSymbol       VoidSymbol       VoidSymbol       VoidSymbol       VoidSymbol       VoidSymbol       VoidSymbol       VoidSymbol       VoidSymbol       VoidSymbol       VoidSymbol       VoidSymbol       VoidSymbol      
keycode 154 = VoidSymbol       VoidSymbol       VoidSymbol       VoidSymbol       VoidSymbol       VoidSymbol       VoidSymbol       VoidSymbol       VoidSymbol       VoidSymbol       VoidSymbol       VoidSymbol       VoidSymbol       VoidSymbol       VoidSymbol       VoidSymbol      
keycode 155 = VoidSymbol       VoidSymbol       VoidSymbol       VoidSymbol       VoidSymbol       VoidSymbol       VoidSymbol       VoidSymbol       VoidSymbol       VoidSymbol       VoidSymbol       VoidSymbol       VoidSymbol       VoidSymbol       VoidSymbol       VoidSymbol      
keycode 156 = VoidSymbol       VoidSymbol       VoidSymbol       VoidSymbol       VoidSymbol       VoidSymbol       VoidSymbol       VoidSymbol       VoidSymbol       VoidSymbol       VoidSymbol       VoidSymbol       VoidSymbol       VoidSymbol       VoidSymbol       VoidSymbol      
keycode 157 = VoidSymbol       VoidSymbol       VoidSymbol       VoidSymbol       VoidSymbol       VoidSymbol       VoidSymbol       VoidSymbol       VoidSymbol       VoidSymbol       VoidSymbol       VoidSymbol       VoidSymbol       VoidSymbol       VoidSymbol       VoidSymbol      
keycode 158 = VoidSymbol       VoidSymbol       VoidSymbol       VoidSymbol       VoidSymbol       VoidSymbol       VoidSymbol       VoidSymbol       VoidSymbol       VoidSymbol       VoidSymbol       VoidSymbol       VoidSymbol       VoidSymbol       VoidSymbol       VoidSymbol      
keycode 159 = VoidSymbol       VoidSymbol       VoidSymbol       VoidSymbol       VoidSymbol       VoidSymbol       VoidSymbol       VoidSymbol       VoidSymbol       VoidSymbol       VoidSymbol       VoidSymbol       VoidSymbol       VoidSymbol       VoidSymbol       VoidSymbol      
keycode 160 = VoidSymbol       VoidSymbol       VoidSymbol       VoidSymbol       VoidSymbol       VoidSymbol       VoidSymbol       VoidSymbol       VoidSymbol       VoidSymbol       VoidSymbol       VoidSymbol       VoidSymbol       VoidSymbol       VoidSymbol       VoidSymbol      
keycode 161 = VoidSymbol       VoidSymbol       VoidSymbol       VoidSymbol       VoidSymbol       VoidSymbol       VoidSymbol       VoidSymbol       VoidSymbol       VoidSymbol       VoidSymbol       VoidSymbol       VoidSymbol       VoidSymbol       VoidSymbol       VoidSymbol      
keycode 162 = VoidSymbol       VoidSymbol       VoidSymbol       VoidSymbol       VoidSymbol       VoidSymbol       VoidSymbol       VoidSymbol       VoidSymbol       VoidSymbol       VoidSymbol       VoidSymbol       VoidSymbol       VoidSymbol       VoidSymbol       VoidSymbol      
keycode 163 = VoidSymbol       VoidSymbol       VoidSymbol       VoidSymbol       VoidSymbol       VoidSymbol       VoidSymbol       VoidSymbol       VoidSymbol       VoidSymbol       VoidSymbol       VoidSymbol       VoidSymbol       VoidSymbol       VoidSymbol       VoidSymbol      
keycode 164 = VoidSymbol       VoidSymbol       VoidSymbol       VoidSymbol       VoidSymbol       VoidSymbol       VoidSymbol       VoidSymbol       VoidSymbol       VoidSymbol       VoidSymbol       VoidSymbol       VoidSymbol       VoidSymbol       VoidSymbol       VoidSymbol      
keycode 165 = VoidSymbol       VoidSymbol       VoidSymbol       VoidSymbol       VoidSymbol       VoidSymbol       VoidSymbol       VoidSymbol       VoidSymbol       VoidSymbol       VoidSymbol       VoidSymbol       VoidSymbol       VoidSymbol       VoidSymbol       VoidSymbol      
keycode 166 = VoidSymbol       VoidSymbol       VoidSymbol       VoidSymbol       VoidSymbol       VoidSymbol       VoidSymbol       VoidSymbol       VoidSymbol       VoidSymbol       VoidSymbol       VoidSymbol       VoidSymbol       VoidSymbol       VoidSymbol       VoidSymbol      
keycode 167 = VoidSymbol       VoidSymbol       VoidSymbol       VoidSymbol       VoidSymbol       VoidSymbol       VoidSymbol       VoidSymbol       VoidSymbol       VoidSymbol       VoidSymbol       VoidSymbol       VoidSymbol       VoidSymbol       VoidSymbol       VoidSymbol      
keycode 168 = VoidSymbol       VoidSymbol       VoidSymbol       VoidSymbol       VoidSymbol       VoidSymbol       VoidSymbol       VoidSymbol       VoidSymbol       VoidSymbol       VoidSymbol       VoidSymbol       VoidSymbol       VoidSymbol       VoidSymbol       VoidSymbol      
keycode 169 = VoidSymbol       VoidSymbol       VoidSymbol       VoidSymbol       VoidSymbol       VoidSymbol       VoidSymbol       VoidSymbol       VoidSymbol       VoidSymbol       VoidSymbol       VoidSymbol       VoidSymbol       VoidSymbol       VoidSymbol       VoidSymbol      
keycode 170 = VoidSymbol       VoidSymbol       VoidSymbol       VoidSymbol       VoidSymbol       VoidSymbol       VoidSymbol       VoidSymbol       VoidSymbol       VoidSymbol       VoidSymbol       VoidSymbol       VoidSymbol       VoidSymbol       VoidSymbol       VoidSymbol      
keycode 171 = VoidSymbol       VoidSymbol       VoidSymbol       VoidSymbol       VoidSymbol       VoidSymbol       VoidSymbol       VoidSymbol       VoidSymbol       VoidSymbol       VoidSymbol       VoidSymbol       VoidSymbol       VoidSymbol       VoidSymbol       VoidSymbol      
keycode 172 = VoidSymbol       VoidSymbol       VoidSymbol       VoidSymbol       VoidSymbol       VoidSymbol       VoidSymbol       VoidSymbol       VoidSymbol       VoidSymbol       VoidSymbol       VoidSymbol       VoidSymbol       VoidSymbol       VoidSymbol       VoidSymbol      
keycode 173 = VoidSymbol       VoidSymbol       VoidSymbol       VoidSymbol       VoidSymbol       VoidSymbol       VoidSymbol       VoidSymbol       VoidSymbol       VoidSymbol       VoidSymbol       VoidSymbol       VoidSymbol       VoidSymbol       VoidSymbol       VoidSymbol      
keycode 174 = VoidSymbol       VoidSymbol       VoidSymbol       VoidSymbol       VoidSymbol       VoidSymbol       VoidSymbol       VoidSymbol       VoidSymbol       VoidSymbol       VoidSymbol       VoidSymbol       VoidSymbol       VoidSymbol       VoidSymbol       VoidSymbol      
keycode 175 = VoidSymbol       VoidSymbol       VoidSymbol       VoidSymbol       VoidSymbol       VoidSymbol       VoidSymbol       VoidSymbol       VoidSymbol       VoidSymbol       VoidSymbol       VoidSymbol       VoidSymbol       VoidSymbol       VoidSymbol       VoidSymbol      
keycode 176 = VoidSymbol       VoidSymbol       VoidSymbol       VoidSymbol       VoidSymbol       VoidSymbol       VoidSymbol       VoidSymbol       VoidSymbol       VoidSymbol       VoidSymbol       VoidSymbol       VoidSymbol       VoidSymbol       VoidSymbol       VoidSymbol      
keycode 177 = VoidSymbol       VoidSymbol       VoidSymbol       VoidSymbol       VoidSymbol       VoidSymbol       VoidSymbol       VoidSymbol       VoidSymbol       VoidSymbol       VoidSymbol       VoidSymbol       VoidSymbol       VoidSymbol       VoidSymbol       VoidSymbol      
keycode 178 = VoidSymbol       VoidSymbol       VoidSymbol       VoidSymbol       VoidSymbol       VoidSymbol       VoidSymbol       VoidSymbol       VoidSymbol       VoidSymbol       VoidSymbol       VoidSymbol       VoidSymbol       VoidSymbol       VoidSymbol       VoidSymbol      
keycode 179 = VoidSymbol       VoidSymbol       VoidSymbol       VoidSymbol       VoidSymbol       VoidSymbol       VoidSymbol       VoidSymbol       VoidSymbol       VoidSymbol       VoidSymbol       VoidSymbol       VoidSymbol       VoidSymbol       VoidSymbol       VoidSymbol      
keycode 180 = VoidSymbol       VoidSymbol       VoidSymbol       VoidSymbol       VoidSymbol       VoidSymbol       VoidSymbol       VoidSymbol       VoidSymbol       VoidSymbol       VoidSymbol       VoidSymbol       VoidSymbol       VoidSymbol       VoidSymbol       VoidSymbol      
keycode 181 = VoidSymbol       VoidSymbol       VoidSymbol       VoidSymbol       VoidSymbol       VoidSymbol       VoidSymbol       VoidSymbol       VoidSymbol       VoidSymbol       VoidSymbol       VoidSymbol       VoidSymbol       VoidSymbol       VoidSymbol       VoidSymbol      
keycode 182 = VoidSymbol       VoidSymbol       VoidSymbol       VoidSymbol       VoidSymbol       VoidSymbol       VoidSymbol       VoidSymbol       VoidSymbol       VoidSymbol       VoidSymbol       VoidSymbol       VoidSymbol       VoidSymbol       VoidSymbol       VoidSymbol      
keycode 183 = VoidSymbol       VoidSymbol       VoidSymbol       VoidSymbol       VoidSymbol       VoidSymbol       VoidSymbol       VoidSymbol       VoidSymbol       VoidSymbol       VoidSymbol       VoidSymbol       VoidSymbol       VoidSymbol       VoidSymbol       VoidSymbol      
keycode 184 = VoidSymbol       VoidSymbol       VoidSymbol       VoidSymbol       VoidSymbol       VoidSymbol       VoidSymbol       VoidSymbol       VoidSymbol       VoidSymbol       VoidSymbol       VoidSymbol       VoidSymbol       VoidSymbol       VoidSymbol       VoidSymbol      
keycode 185 = VoidSymbol       VoidSymbol       VoidSymbol       VoidSymbol       VoidSymbol       VoidSymbol       VoidSymbol       VoidSymbol       VoidSymbol       VoidSymbol       VoidSymbol       VoidSymbol       VoidSymbol       VoidSymbol       VoidSymbol       VoidSymbol      
keycode 186 = VoidSymbol       VoidSymbol       VoidSymbol       VoidSymbol       VoidSymbol       VoidSymbol       VoidSymbol       VoidSymbol       VoidSymbol       VoidSymbol       VoidSymbol       VoidSymbol       VoidSymbol       VoidSymbol       VoidSymbol       VoidSymbol      
keycode 187 = VoidSymbol       VoidSymbol       VoidSymbol       VoidSymbol       VoidSymbol       VoidSymbol       VoidSymbol       VoidSymbol       VoidSymbol       VoidSymbol       VoidSymbol       VoidSymbol       VoidSymbol       VoidSymbol       VoidSymbol       VoidSymbol      
keycode 188 = VoidSymbol       VoidSymbol       VoidSymbol       VoidSymbol       VoidSymbol       VoidSymbol       VoidSymbol       VoidSymbol       VoidSymbol       VoidSymbol       VoidSymbol       VoidSymbol       VoidSymbol       VoidSymbol       VoidSymbol       VoidSymbol      
keycode 189 = VoidSymbol       VoidSymbol       VoidSymbol       VoidSymbol       VoidSymbol       VoidSymbol       VoidSymbol       VoidSymbol       VoidSymbol       VoidSymbol       VoidSymbol       VoidSymbol       VoidSymbol       VoidSymbol       VoidSymbol       VoidSymbol      
keycode 190 = VoidSymbol       VoidSymbol       VoidSymbol       VoidSymbol       VoidSymbol       VoidSymbol       VoidSymbol       VoidSymbol       VoidSymbol       VoidSymbol       VoidSymbol       VoidSymbol       VoidSymbol       VoidSymbol       VoidSymbol       VoidSymbol      
keycode 191 = VoidSymbol       VoidSymbol       VoidSymbol       VoidSymbol       VoidSymbol       VoidSymbol       VoidSymbol       VoidSymbol       VoidSymbol       VoidSymbol       VoidSymbol       VoidSymbol       VoidSymbol       VoidSymbol       VoidSymbol       VoidSymbol      
keycode 192 = VoidSymbol       VoidSymbol       VoidSymbol       VoidSymbol       VoidSymbol       VoidSymbol       VoidSymbol       VoidSymbol       VoidSymbol       VoidSymbol       VoidSymbol       VoidSymbol       VoidSymbol       VoidSymbol       VoidSymbol       VoidSymbol      
keycode 193 = VoidSymbol       VoidSymbol       VoidSymbol       VoidSymbol       VoidSymbol       VoidSymbol       VoidSymbol       VoidSymbol       VoidSymbol       VoidSymbol       VoidSymbol       VoidSymbol       VoidSymbol       VoidSymbol       VoidSymbol       VoidSymbol      
keycode 194 = VoidSymbol       VoidSymbol       VoidSymbol       VoidSymbol       VoidSymbol       VoidSymbol       VoidSymbol       VoidSymbol       VoidSymbol       VoidSymbol       VoidSymbol       VoidSymbol       VoidSymbol       VoidSymbol       VoidSymbol       VoidSymbol      
keycode 195 = VoidSymbol       VoidSymbol       VoidSymbol       VoidSymbol       VoidSymbol       VoidSymbol       VoidSymbol       VoidSymbol       VoidSymbol       VoidSymbol       VoidSymbol       VoidSymbol       VoidSymbol       VoidSymbol       VoidSymbol       VoidSymbol      
keycode 196 = VoidSymbol       VoidSymbol       VoidSymbol       VoidSymbol       VoidSymbol       VoidSymbol       VoidSymbol       VoidSymbol       VoidSymbol       VoidSymbol       VoidSymbol       VoidSymbol       VoidSymbol       VoidSymbol       VoidSymbol       VoidSymbol      
keycode 197 = VoidSymbol       VoidSymbol       VoidSymbol       VoidSymbol       VoidSymbol       VoidSymbol       VoidSymbol       VoidSymbol       VoidSymbol       VoidSymbol       VoidSymbol       VoidSymbol       VoidSymbol       VoidSymbol       VoidSymbol       VoidSymbol      
keycode 198 = VoidSymbol       VoidSymbol       VoidSymbol       VoidSymbol       VoidSymbol       VoidSymbol       VoidSymbol       VoidSymbol       VoidSymbol       VoidSymbol       VoidSymbol       VoidSymbol       VoidSymbol       VoidSymbol       VoidSymbol       VoidSymbol      
keycode 199 = VoidSymbol       VoidSymbol       VoidSymbol       VoidSymbol       VoidSymbol       VoidSymbol       VoidSymbol       VoidSymbol       VoidSymbol       VoidSymbol       VoidSymbol       VoidSymbol       VoidSymbol       VoidSymbol       VoidSymbol       VoidSymbol      
keycode 200 = VoidSymbol       VoidSymbol       VoidSymbol       VoidSymbol       VoidSymbol       VoidSymbol       VoidSymbol       VoidSymbol       VoidSymbol       VoidSymbol       VoidSymbol       VoidSymbol       VoidSymbol       VoidSymbol       VoidSymbol       VoidSymbol      
keycode 201 = VoidSymbol       VoidSymbol       VoidSymbol       VoidSymbol       VoidSymbol       VoidSymbol       VoidSymbol       VoidSymbol       VoidSymbol       VoidSymbol       VoidSymbol       VoidSymbol       VoidSymbol       VoidSymbol       VoidSymbol       VoidSymbol      
keycode 202 = VoidSymbol       VoidSymbol       VoidSymbol       VoidSymbol       VoidSymbol       VoidSymbol       VoidSymbol       VoidSymbol       VoidSymbol       VoidSymbol       VoidSymbol       VoidSymbol       VoidSymbol       VoidSymbol       VoidSymbol       VoidSymbol      
keycode 203 = VoidSymbol       VoidSymbol       VoidSymbol       VoidSymbol       VoidSymbol       VoidSymbol       VoidSymbol       VoidSymbol       VoidSymbol       VoidSymbol       VoidSymbol       VoidSymbol       VoidSymbol       VoidSymbol       VoidSymbol       VoidSymbol      
keycode 204 = VoidSymbol       VoidSymbol       VoidSymbol       VoidSymbol       VoidSymbol       VoidSymbol       VoidSymbol       VoidSymbol       VoidSymbol       VoidSymbol       VoidSymbol       VoidSymbol       VoidSymbol       VoidSymbol       VoidSymbol       VoidSymbol      
keycode 205 = VoidSymbol       VoidSymbol       VoidSymbol       VoidSymbol       VoidSymbol       VoidSymbol       VoidSymbol       VoidSymbol       VoidSymbol       VoidSymbol       VoidSymbol       VoidSymbol       VoidSymbol       VoidSymbol       VoidSymbol       VoidSymbol      
keycode 206 = VoidSymbol       VoidSymbol       VoidSymbol       VoidSymbol       VoidSymbol       VoidSymbol       VoidSymbol       VoidSymbol       VoidSymbol       VoidSymbol       VoidSymbol       VoidSymbol       VoidSymbol       VoidSymbol       VoidSymbol       VoidSymbol      
keycode 207 = VoidSymbol       VoidSymbol       VoidSymbol       VoidSymbol       VoidSymbol       VoidSymbol       VoidSymbol       VoidSymbol       VoidSymbol       VoidSymbol       VoidSymbol       VoidSymbol       VoidSymbol       VoidSymbol       VoidSymbol       VoidSymbol      
keycode 208 = VoidSymbol       VoidSymbol       VoidSymbol       VoidSymbol       VoidSymbol       VoidSymbol       VoidSymbol       VoidSymbol       VoidSymbol       VoidSymbol       VoidSymbol       VoidSymbol       VoidSymbol       VoidSymbol       VoidSymbol       VoidSymbol      
keycode 209 = VoidSymbol       VoidSymbol       VoidSymbol       VoidSymbol       VoidSymbol       VoidSymbol       VoidSymbol       VoidSymbol       VoidSymbol       VoidSymbol       VoidSymbol       VoidSymbol       VoidSymbol       VoidSymbol       VoidSymbol       VoidSymbol      
keycode 210 = VoidSymbol       VoidSymbol       VoidSymbol       VoidSymbol       VoidSymbol       VoidSymbol       VoidSymbol       VoidSymbol       VoidSymbol       VoidSymbol       VoidSymbol       VoidSymbol       VoidSymbol       VoidSymbol       VoidSymbol       VoidSymbol      
keycode 211 = VoidSymbol       VoidSymbol       VoidSymbol       VoidSymbol       VoidSymbol       VoidSymbol       VoidSymbol       VoidSymbol       VoidSymbol       VoidSymbol       VoidSymbol       VoidSymbol       VoidSymbol       VoidSymbol       VoidSymbol       VoidSymbol      
keycode 212 = VoidSymbol       VoidSymbol       VoidSymbol       VoidSymbol       VoidSymbol       VoidSymbol       VoidSymbol       VoidSymbol       VoidSymbol       VoidSymbol       VoidSymbol       VoidSymbol       VoidSymbol       VoidSymbol       VoidSymbol       VoidSymbol      
keycode 213 = VoidSymbol       VoidSymbol       VoidSymbol       VoidSymbol       VoidSymbol       VoidSymbol       VoidSymbol       VoidSymbol       VoidSymbol       VoidSymbol       VoidSymbol       VoidSymbol       VoidSymbol       VoidSymbol       VoidSymbol       VoidSymbol      
keycode 214 = VoidSymbol       VoidSymbol       VoidSymbol       VoidSymbol       VoidSymbol       VoidSymbol       VoidSymbol       VoidSymbol       VoidSymbol       VoidSymbol       VoidSymbol       VoidSymbol       VoidSymbol       VoidSymbol       VoidSymbol       VoidSymbol      
keycode 215 = VoidSymbol       VoidSymbol       VoidSymbol       VoidSymbol       VoidSymbol       VoidSymbol       VoidSymbol       VoidSymbol       VoidSymbol       VoidSymbol       VoidSymbol       VoidSymbol       VoidSymbol       VoidSymbol       VoidSymbol       VoidSymbol      
keycode 216 = VoidSymbol       VoidSymbol       VoidSymbol       VoidSymbol       VoidSymbol       VoidSymbol       VoidSymbol       VoidSymbol       VoidSymbol       VoidSymbol       VoidSymbol       VoidSymbol       VoidSymbol       VoidSymbol       VoidSymbol       VoidSymbol      
keycode 217 = VoidSymbol       VoidSymbol       VoidSymbol       VoidSymbol       VoidSymbol       VoidSymbol       VoidSymbol       VoidSymbol       VoidSymbol       VoidSymbol       VoidSymbol       VoidSymbol       VoidSymbol       VoidSymbol       VoidSymbol       VoidSymbol      
keycode 218 = VoidSymbol       VoidSymbol       VoidSymbol       VoidSymbol       VoidSymbol       VoidSymbol       VoidSymbol       VoidSymbol       VoidSymbol       VoidSymbol       VoidSymbol       VoidSymbol       VoidSymbol       VoidSymbol       VoidSymbol       VoidSymbol      
keycode 219 = VoidSymbol       VoidSymbol       VoidSymbol       VoidSymbol       VoidSymbol       VoidSymbol       VoidSymbol       VoidSymbol       VoidSymbol       VoidSymbol       VoidSymbol       VoidSymbol       VoidSymbol       VoidSymbol       VoidSymbol       VoidSymbol      
keycode 220 = VoidSymbol       VoidSymbol       VoidSymbol       VoidSymbol       VoidSymbol       VoidSymbol       VoidSymbol       VoidSymbol       VoidSymbol       VoidSymbol       VoidSymbol       VoidSymbol       VoidSymbol       VoidSymbol       VoidSymbol       VoidSymbol      
keycode 221 = VoidSymbol       VoidSymbol       VoidSymbol       VoidSymbol       VoidSymbol       VoidSymbol       VoidSymbol       VoidSymbol       VoidSymbol       VoidSymbol       VoidSymbol       VoidSymbol       VoidSymbol       VoidSymbol       VoidSymbol       VoidSymbol      
keycode 222 = VoidSymbol       VoidSymbol       VoidSymbol       VoidSymbol       VoidSymbol       VoidSymbol       VoidSymbol       VoidSymbol       VoidSymbol       VoidSymbol       VoidSymbol       VoidSymbol       VoidSymbol       VoidSymbol       VoidSymbol       VoidSymbol      
keycode 223 = VoidSymbol       VoidSymbol       VoidSymbol       VoidSymbol       VoidSymbol       VoidSymbol       VoidSymbol       VoidSymbol       VoidSymbol       VoidSymbol       VoidSymbol       VoidSymbol       VoidSymbol       VoidSymbol       VoidSymbol       VoidSymbol      
keycode 224 = VoidSymbol       VoidSymbol       VoidSymbol       VoidSymbol       VoidSymbol       VoidSymbol       VoidSymbol       VoidSymbol       VoidSymbol       VoidSymbol       VoidSymbol       VoidSymbol       VoidSymbol       VoidSymbol       VoidSymbol       VoidSymbol      
keycode 225 = VoidSymbol       VoidSymbol       VoidSymbol       VoidSymbol       VoidSymbol       VoidSymbol       VoidSymbol       VoidSymbol       VoidSymbol       VoidSymbol       VoidSymbol       VoidSymbol       VoidSymbol       VoidSymbol       VoidSymbol       VoidSymbol      
keycode 226 = VoidSymbol       VoidSymbol       VoidSymbol       VoidSymbol       VoidSymbol       VoidSymbol       VoidSymbol       VoidSymbol       VoidSymbol       VoidSymbol       VoidSymbol       VoidSymbol       VoidSymbol       VoidSymbol       VoidSymbol       VoidSymbol      
keycode 227 = VoidSymbol       VoidSymbol       VoidSymbol       VoidSymbol       VoidSymbol       VoidSymbol       VoidSymbol       VoidSymbol       VoidSymbol       VoidSymbol       VoidSymbol       VoidSymbol       VoidSymbol       VoidSymbol       VoidSymbol       VoidSymbol      
keycode 228 = VoidSymbol       VoidSymbol       VoidSymbol       VoidSymbol       VoidSymbol       VoidSymbol       VoidSymbol       VoidSymbol       VoidSymbol       VoidSymbol       VoidSymbol       VoidSymbol       VoidSymbol       VoidSymbol       VoidSymbol       VoidSymbol      
keycode 229 = VoidSymbol       VoidSymbol       VoidSymbol       VoidSymbol       VoidSymbol       VoidSymbol       VoidSymbol       VoidSymbol       VoidSymbol       VoidSymbol       VoidSymbol       VoidSymbol       VoidSymbol       VoidSymbol       VoidSymbol       VoidSymbol      
keycode 230 = VoidSymbol       VoidSymbol       VoidSymbol       VoidSymbol       VoidSymbol       VoidSymbol       VoidSymbol       VoidSymbol       VoidSymbol       VoidSymbol       VoidSymbol       VoidSymbol       VoidSymbol       VoidSymbol       VoidSymbol       VoidSymbol      
keycode 231 = VoidSymbol       VoidSymbol       VoidSymbol       VoidSymbol       VoidSymbol       VoidSymbol       VoidSymbol       VoidSymbol       VoidSymbol       VoidSymbol       VoidSymbol       VoidSymbol       VoidSymbol       VoidSymbol       VoidSymbol       VoidSymbol      
keycode 232 = VoidSymbol       VoidSymbol       VoidSymbol       VoidSymbol       VoidSymbol       VoidSymbol       VoidSymbol       VoidSymbol       VoidSymbol       VoidSymbol       VoidSymbol       VoidSymbol       VoidSymbol       VoidSymbol       VoidSymbol       VoidSymbol      
keycode 233 = VoidSymbol       VoidSymbol       VoidSymbol       VoidSymbol       VoidSymbol       VoidSymbol       VoidSymbol       VoidSymbol       VoidSymbol       VoidSymbol       VoidSymbol       VoidSymbol       VoidSymbol       VoidSymbol       VoidSymbol       VoidSymbol      
keycode 234 = VoidSymbol       VoidSymbol       VoidSymbol       VoidSymbol       VoidSymbol       VoidSymbol       VoidSymbol       VoidSymbol       VoidSymbol       VoidSymbol       VoidSymbol       VoidSymbol       VoidSymbol       VoidSymbol       VoidSymbol       VoidSymbol      
keycode 235 = VoidSymbol       VoidSymbol       VoidSymbol       VoidSymbol       VoidSymbol       VoidSymbol       VoidSymbol       VoidSymbol       VoidSymbol       VoidSymbol       VoidSymbol       VoidSymbol       VoidSymbol       VoidSymbol       VoidSymbol       VoidSymbol      
keycode 236 = VoidSymbol       VoidSymbol       VoidSymbol       VoidSymbol       VoidSymbol       VoidSymbol       VoidSymbol       VoidSymbol       VoidSymbol       VoidSymbol       VoidSymbol       VoidSymbol       VoidSymbol       VoidSymbol       VoidSymbol       VoidSymbol      
keycode 237 = VoidSymbol       VoidSymbol       VoidSymbol       VoidSymbol       VoidSymbol       VoidSymbol       VoidSymbol       VoidSymbol       VoidSymbol       VoidSymbol       VoidSymbol       VoidSymbol       VoidSymbol       VoidSymbol       VoidSymbol       VoidSymbol      
keycode 238 = VoidSymbol       VoidSymbol       VoidSymbol       VoidSymbol       VoidSymbol       VoidSymbol       VoidSymbol       VoidSymbol       VoidSymbol       VoidSymbol       VoidSymbol       VoidSymbol       VoidSymbol       VoidSymbol       VoidSymbol       VoidSymbol      
keycode 239 = VoidSymbol       VoidSymbol       VoidSymbol       VoidSymbol       VoidSymbol       VoidSymbol       VoidSymbol       VoidSymbol       VoidSymbol       VoidSymbol       VoidSymbol       VoidSymbol       VoidSymbol       VoidSymbol       VoidSymbol       VoidSymbol      
keycode 240 = VoidSymbol       VoidSymbol       VoidSymbol       VoidSymbol       VoidSymbol       VoidSymbol       VoidSymbol       VoidSymbol       VoidSymbol       VoidSymbol       VoidSymbol       VoidSymbol       VoidSymbol       VoidSymbol       VoidSymbol       VoidSymbol      
keycode 241 = VoidSymbol       VoidSymbol       VoidSymbol       VoidSymbol       VoidSymbol       VoidSymbol       VoidSymbol       VoidSymbol       VoidSymbol       VoidSymbol       VoidSymbol       VoidSymbol       VoidSymbol       VoidSymbol       VoidSymbol       VoidSymbol      
keycode 242 = VoidSymbol       VoidSymbol       VoidSymbol       VoidSymbol       VoidSymbol       VoidSymbol       VoidSymbol       VoidSymbol       VoidSymbol       VoidSymbol       VoidSymbol       VoidSymbol       VoidSymbol       VoidSymbol       VoidSymbol       VoidSymbol      
keycode 243 = VoidSymbol       VoidSymbol       VoidSymbol       VoidSymbol       VoidSymbol       VoidSymbol       VoidSymbol       VoidSymbol       VoidSymbol       VoidSymbol       VoidSymbol       VoidSymbol       VoidSymbol       VoidSymbol       VoidSymbol       VoidSymbol      
keycode 244 = VoidSymbol       VoidSymbol       VoidSymbol       VoidSymbol       VoidSymbol       VoidSymbol       VoidSymbol       VoidSymbol       VoidSymbol       VoidSymbol       VoidSymbol       VoidSymbol       VoidSymbol       VoidSymbol       VoidSymbol       VoidSymbol      
keycode 245 = VoidSymbol       VoidSymbol       VoidSymbol       VoidSymbol       VoidSymbol       VoidSymbol       VoidSymbol       VoidSymbol       VoidSymbol       VoidSymbol       VoidSymbol       VoidSymbol       VoidSymbol       VoidSymbol       VoidSymbol       VoidSymbol      
keycode 246 = VoidSymbol       VoidSymbol       VoidSymbol       VoidSymbol       VoidSymbol       VoidSymbol       VoidSymbol       VoidSymbol       VoidSymbol       VoidSymbol       VoidSymbol       VoidSymbol       VoidSymbol       VoidSymbol       VoidSymbol       VoidSymbol      
keycode 247 = VoidSymbol       VoidSymbol       VoidSymbol       VoidSymbol       VoidSymbol       VoidSymbol       VoidSymbol       VoidSymbol       VoidSymbol       VoidSymbol       VoidSymbol       VoidSymbol       VoidSymbol       VoidSymbol       VoidSymbol       VoidSymbol      
keycode 248 = VoidSymbol       VoidSymbol       VoidSymbol       VoidSymbol       VoidSymbol       VoidSymbol       VoidSymbol       VoidSymbol       VoidSymbol       VoidSymbol       VoidSymbol       VoidSymbol       VoidSymbol       VoidSymbol       VoidSymbol       VoidSymbol      
keycode 249 = VoidSymbol       VoidSymbol       VoidSymbol       VoidSymbol       VoidSymbol       VoidSymbol       VoidSymbol       VoidSymbol       VoidSymbol       VoidSymbol       VoidSymbol       VoidSymbol       VoidSymbol       VoidSymbol       VoidSymbol       VoidSymbol      
keycode 250 = VoidSymbol       VoidSymbol       VoidSymbol       VoidSymbol       VoidSymbol       VoidSymbol       VoidSymbol       VoidSymbol       VoidSymbol       VoidSymbol       VoidSymbol       VoidSymbol       VoidSymbol       VoidSymbol       VoidSymbol       VoidSymbol      
keycode 251 = VoidSymbol       VoidSymbol       VoidSymbol       VoidSymbol       VoidSymbol       VoidSymbol       VoidSymbol       VoidSymbol       VoidSymbol       VoidSymbol       VoidSymbol       VoidSymbol       VoidSymbol       VoidSymbol       VoidSymbol       VoidSymbol      
keycode 252 = VoidSymbol       VoidSymbol       VoidSymbol       VoidSymbol       VoidSymbol       VoidSymbol       VoidSymbol       VoidSymbol       VoidSymbol       VoidSymbol       VoidSymbol       VoidSymbol       VoidSymbol       VoidSymbol       VoidSymbol       VoidSymbol      
keycode 253 = VoidSymbol       VoidSymbol       VoidSymbol       VoidSymbol       VoidSymbol       VoidSymbol       VoidSymbol       VoidSymbol       VoidSymbol       VoidSymbol       VoidSymbol       VoidSymbol       VoidSymbol       VoidSymbol       VoidSymbol       VoidSymbol      
keycode 254 = VoidSymbol       VoidSymbol       VoidSymbol       VoidSymbol       VoidSymbol       VoidSymbol       VoidSymbol       VoidSymbol       VoidSymbol       VoidSymbol       VoidSymbol       VoidSymbol       VoidSymbol       VoidSymbol       VoidSymbol       VoidSymbol      
keycode 255 = VoidSymbol       VoidSymbol       VoidSymbol       VoidSymbol       VoidSymbol       VoidSymbol       VoidSymbol       VoidSymbol       VoidSymbol       VoidSymbol       VoidSymbol       VoidSymbol       VoidSymbol       VoidSymbol       VoidSymbol       VoidSymbol      
string F1 = "\033[[A"
string F2 = "\033[[B"
string F3 = "\033[[C"
string F4 = "\033[[D"
string F5 = "\033[[E"
string F6 = "\033[17~"
string F7 = "\033[18~"
string F8 = "\033[19~"
string F9 = "\033[20~"
string F10 = "\033[21~"
string F11 = "\033[23~"
string F12 = "\033[24~"
string F13 = "\033[25~"
string F14 = "\033[26~"
string F15 = "\033[28~"
string F16 = "\033[29~"
string F17 = "\033[31~"
string F18 = "\033[32~"
string F19 = "\033[33~"
string F20 = "\033[34~"
string Find = "\033[1~"
string Insert = "\033[2~"
string Remove = "\033[3~"
string Select = "\033[4~"
string Prior = "\033[5~"
string Next = "\033[6~"
