keymaps 0
keycode   1 = VoidSymbol      
keycode   2 = VoidSymbol      
keycode   3 = VoidSymbol      
keycode   4 = VoidSymbol      
keycode   5 = VoidSymbol      
keycode   6 = VoidSymbol      
keycode   7 = VoidSymbol      
keycode   8 = VoidSymbol      
keycode   9 = VoidSymbol      
keycode  10 = VoidSymbol      
keycode  11 = VoidSymbol      
keycode  12 = VoidSymbol      
keycode  13 = VoidSymbol      
keycode  14 = VoidSymbol      
keycode  15 = VoidSymbol      
keycode  16 = VoidSymbol      
keycode  17 = VoidSymbol      
keycode  18 = VoidSymbol      
keycode  19 = VoidSymbol      
keycode  20 = VoidSymbol      
keycode  21 = VoidSymbol      
keycode  22 = VoidSymbol      
keycode  23 = VoidSymbol      
keycode  24 = VoidSymbol      
keycode  25 = VoidSymbol      
keycode  26 = VoidSymbol      
keycode  27 = VoidSymbol      
keycode  28 = VoidSymbol      
keycode  29 = Caps_Lock       
keycode  30 = VoidSymbol      
keycode  31 = VoidSymbol      
keycode  32 = VoidSymbol      
keycode  33 = VoidSymbol      
keycode  34 = VoidSymbol      
keycode  35 = VoidSymbol      
keycode  36 = VoidSymbol      
keycode  37 = VoidSymbol      
keycode  38 = VoidSymbol      
keycode  39 = VoidSymbol      
keycode  40 = VoidSymbol      
keycode  41 = VoidSymbol      
keycode  42 = VoidSymbol      
keycode  43 = VoidSymbol      
keycode  44 = VoidSymbol      
keycode  45 = VoidSymbol      
keycode  46 = VoidSymbol      
keycode  47 = VoidSymbol      
keycode  48 = VoidSymbol      
keycode  49 = VoidSymbol      
keycode  50 = VoidSymbol      
keycode  51 = VoidSymbol      
keycode  52 = VoidSymbol      
keycode  53 = VoidSymbol      
keycode  54 = VoidSymbol      
keycode  55 = VoidSymbol      
keycode  56 = VoidSymbol      
keycode  57 = VoidSymbol      
keycode  58 = Control         
keycode  59 = VoidSymbol      
keycode  60 = VoidSymbol      
keycode  61 = VoidSymbol      
keycode  62 = VoidSymbol      
keycode  63 = VoidSymbol      
keycode  64 = VoidSymbol      
keycode  65 = VoidSymbol      
keycode  66 = VoidSymbol      
keycode  67 = VoidSymbol      
keycode  68 = VoidSymbol      
keycode  69 = VoidSymbol      
keycode  70 = VoidSymbol      
keycode  71 = VoidSymbol      
keycode  72 = VoidSymbol      
keycode  73 = VoidSymbol      
keycode  74 = VoidSymbol      
keycode  75 = VoidSymbol      
keycode  76 = VoidSymbol      
keycode  77 = VoidSymbol      
keycode  78 = VoidSymbol      
keycode  79 = VoidSymbol      
keycode  80 = VoidSymbol      
keycode  81 = VoidSymbol      
keycode  82 = VoidSymbol      
keycode  83 = VoidSymbol      
keycode  84 = VoidSymbol      
keycode  85 = VoidSymbol      
keycode  86 = VoidSymbol      
keycode  87 = VoidSymbol      
keycode  88 = VoidSymbol      
keycode  89 = VoidSymbol      
keycode  90 = VoidSymbol      
keycode  91 = VoidSymbol      
keycode  92 = VoidSymbol      
keycode  93 = VoidSymbol      
keycode  94 = VoidSymbol      
keycode  95 = VoidSymbol      
keycode  96 = VoidSymbol      
keycode  97 = Compose         
keycode  98 = VoidSymbol      
keycode  99 = VoidSymbol      
keycode 100 = VoidSymbol      
keycode 101 = VoidSymbol      
keycode 102 = VoidSymbol      
keycode 103 = VoidSymbol      
keycode 104 = VoidSymbol      
keycode 105 = VoidSymbol      
keycode 106 = VoidSymbol      
keycode 107 = VoidSymbol      
keycode 108 = VoidSymbol      
keycode 109 = VoidSymbol      
keycode 110 = VoidSymbol      
keycode 111 = VoidSymbol      
keycode 112 = VoidSymbol      
keycode 113 = VoidSymbol      
keycode 114 = VoidSymbol      
keycode 115 = VoidSymbol      
keycode 116 = VoidSymbol      
keycode 117 = VoidSymbol      
keycode 118 = VoidSymbol      
keycode 119 = VoidSymbol      
keycode 120 = VoidSymbol      
keycode 121 = VoidSymbol      
keycode 122 = VoidSymbol      
keycode 123 = VoidSymbol      
keycode 124 = VoidSymbol      
keycode 125 = VoidSymbol      
keycode 126 = VoidSymbol      
keycode 127 = VoidSymbol      
keycode 128 = VoidSymbol      
keycode 129 = VoidSymbol      
keycode 130 = VoidSymbol      
keycode 131 = VoidSymbol      
keycode 132 = VoidSymbol      
keycode 133 = VoidSymbol      
keycode 134 = VoidSymbol      
keycode 135 = VoidSymbol      
keycode 136 = VoidSymbol      
keycode 137 = VoidSymbol      
keycode 138 = VoidSymbol      
keycode 139 = VoidSymbol      
keycode 140 = VoidSymbol      
keycode 141 = VoidSymbol      
keycode 142 = VoidSymbol      
keycode 143 = VoidSymbol      
keycode 144 = VoidSymbol      
keycode 145 = VoidSymbol      
keycode 146 = VoidSymbol      
keycode 147 = VoidSymbol      
keycode 148 = VoidSymbol      
keycode 149 = VoidSymbol      
keycode 150 = VoidSymbol      
keycode 151 = VoidSymbol      
keycode 152 = VoidSymbol      
keycode 153 = VoidSymbol      
keycode 154 = VoidSymbol      
keycode 155 = VoidSymbol      
keycode 156 = VoidSymbol      
keycode 157 = VoidSymbol      
keycode 158 = VoidSymbol      
keycode 159 = VoidSymbol      
keycode 160 = VoidSymbol      
keycode 161 = VoidSymbol      
keycode 162 = VoidSymbol      
keycode 163 = VoidSymbol      
keycode 164 = VoidSymbol      
keycode 165 = VoidSymbol      
keycode 166 = VoidSymbol      
keycode 167 = VoidSymbol      
keycode 168 = VoidSymbol      
keycode 169 = VoidSymbol      
keycode 170 = VoidSymbol      
keycode 171 = VoidSymbol      
keycode 172 = VoidSymbol      
keycode 173 = VoidSymbol      
keycode 174 = VoidSymbol      
keycode 175 = VoidSymbol      
keycode 176 = VoidSymbol      
keycode 177 = VoidSymbol      
keycode 178 = VoidSymbol      
keycode 179 = VoidSymbol      
keycode 180 = VoidSymbol      
keycode 181 = VoidSymbol      
keycode 182 = VoidSymbol      
keycode 183 = VoidSymbol      
keycode 184 = VoidSymbol      
keycode 185 = VoidSymbol      
keycode 186 = VoidSymbol      
keycode 187 = VoidSymbol      
keycode 188 = VoidSymbol      
keycode 189 = VoidSymbol      
keycode 190 = VoidSymbol      
keycode 191 = VoidSymbol      
keycode 192 = VoidSymbol      
keycode 193 = VoidSymbol      
keycode 194 = VoidSymbol      
keycode 195 = VoidSymbol      
keycode 196 = VoidSymbol      
keycode 197 = VoidSymbol      
keycode 198 = VoidSymbol      
keycode 199 = VoidSymbol      
keycode 200 = VoidSymbol      
keycode 201 = VoidSymbol      
keycode 202 = VoidSymbol      
keycode 203 = VoidSymbol      
keycode 204 = VoidSymbol      
keycode 205 = VoidSymbol      
keycode 206 = VoidSymbol      
keycode 207 = VoidSymbol      
keycode 208 = VoidSymbol      
keycode 209 = VoidSymbol      
keycode 210 = VoidSymbol      
keycode 211 = VoidSymbol      
keycode 212 = VoidSymbol      
keycode 213 = VoidSymbol      
keycode 214 = VoidSymbol      
keycode 215 = VoidSymbol      
keycode 216 = VoidSymbol      
keycode 217 = VoidSymbol      
keycode 218 = VoidSymbol      
keycode 219 = VoidSymbol      
keycode 220 = VoidSymbol      
keycode 221 = VoidSymbol      
keycode 222 = VoidSymbol      
keycode 223 = VoidSymbol      
keycode 224 = VoidSymbol      
keycode 225 = VoidSymbol      
keycode 226 = VoidSymbol      
keycode 227 = VoidSymbol      
keycode 228 = VoidSymbol      
keycode 229 = VoidSymbol      
keycode 230 = VoidSymbol      
keycode 231 = VoidSymbol      
keycode 232 = VoidSymbol      
keycode 233 = VoidSymbol      
keycode 234 = VoidSymbol      
keycode 235 = VoidSymbol      
keycode 236 = VoidSymbol      
keycode 237 = VoidSymbol      
keycode 238 = VoidSymbol      
keycode 239 = VoidSymbol      
keycode 240 = VoidSymbol      
keycode 241 = VoidSymbol      
keycode 242 = VoidSymbol      
keycode 243 = VoidSymbol      
keycode 244 = VoidSymbol      
keycode 245 = VoidSymbol      
keycode 246 = VoidSymbol      
keycode 247 = VoidSymbol      
keycode 248 = VoidSymbol      
keycode 249 = VoidSymbol      
keycode 250 = VoidSymbol      
keycode 251 = VoidSymbol      
keycode 252 = VoidSymbol      
keycode 253 = VoidSymbol      
keycode 254 = VoidSymbol      
keycode 255 = VoidSymbol      
