keymaps 0-4,6,8,10,12-13
keycode   1 = Escape           Escape           VoidSymbol       VoidSymbol       VoidSymbol       VoidSymbol       Meta_Escape      VoidSymbol       VoidSymbol       VoidSymbol      
keycode   2 = one              exclam           one              exclam           VoidSymbol       VoidSymbol       Meta_one         VoidSymbol       VoidSymbol       VoidSymbol      
keycode   3 = two              at               two              at               nul              VoidSymbol       Meta_two         VoidSymbol       VoidSymbol       VoidSymbol      
keycode   4 = three            numbersign       three            numbersign       Escape           VoidSymbol       Meta_three       VoidSymbol       VoidSymbol       VoidSymbol      
keycode   5 = four             dollar           four             dollar           Control_backslash VoidSymbol       Meta_four        VoidSymbol       VoidSymbol       VoidSymbol      
keycode   6 = five             percent          five             asciicircum      Control_bracketright VoidSymbol       Meta_five        VoidSymbol       VoidSymbol       VoidSymbol      
keycode   7 = six              asciicircum      six              VoidSymbol       Control_asciicircum VoidSymbol       Meta_six         VoidSymbol       VoidSymbol       VoidSymbol      
keycode   8 = seven            ampersand        seven            ampersand        Control_underscore VoidSymbol       Meta_seven       VoidSymbol       VoidSymbol       VoidSymbol      
keycode   9 = eight            asterisk         eight            asterisk         Delete           VoidSymbol       Meta_eight       VoidSymbol       VoidSymbol       VoidSymbol      
keycode  10 = nine             parenleft        nine             parenleft        VoidSymbol       VoidSymbol       Meta_nine        VoidSymbol       VoidSymbol       VoidSymbol      
keycode  11 = zero             parenright       zero             parenright       VoidSymbol       VoidSymbol       Meta_zero        VoidSymbol       VoidSymbol       VoidSymbol      
keycode  12 = minus            underscore       minus            underscore       Control_underscore VoidSymbol       Meta_minus       VoidSymbol       VoidSymbol       VoidSymbol      
keycode  13 = equal            plus             equal            plus             VoidSymbol       VoidSymbol       Meta_equal       VoidSymbol       VoidSymbol       VoidSymbol      
keycode  14 = Delete           Delete           Delete           Delete           VoidSymbol       VoidSymbol       Meta_Delete      VoidSymbol       VoidSymbol       VoidSymbol      
keycode  15 = Tab              Meta_Tab         Tab              Tab              VoidSymbol       VoidSymbol       Meta_Tab         VoidSymbol       VoidSymbol       VoidSymbol      
keycode  16 = +q               +Q               semicolon        colon            Control_q        Control_q        Meta_q           Meta_q           Meta_Control_q   Meta_Control_q  
keycode  17 = +w               +W               ordfeminine      0x0091           Control_w        Control_w        Meta_w           Meta_w           Meta_Control_w   Meta_Control_w  
keycode  18 = +e               +E               +0x0b9c          +0x0b84          Control_e        Control_e        Meta_e           Meta_e           Meta_Control_e   Meta_Control_e  
keycode  19 = +r               +R               +diaeresis       +0x0b90          Control_r        Control_r        Meta_r           Meta_r           Meta_Control_r   Meta_Control_r  
keycode  20 = +t               +T               +guillemotleft   +0x0b92          Control_t        Control_t        Meta_t           Meta_t           Meta_Control_t   Meta_Control_t  
keycode  21 = +y               +Y               +notsign         +0x0b93          Control_y        Control_y        Meta_y           Meta_y           Meta_Control_y   Meta_Control_y  
keycode  22 = +u               +U               +0x0b9f          +0x0b87          Control_u        Control_u        Meta_u           Meta_u           Meta_Control_u   Meta_Control_u  
keycode  23 = +i               +I               +nobreakspace    +0x0b88          Tab              Tab              Meta_i           Meta_i           Meta_Tab         Meta_Tab        
keycode  24 = +o               +O               +brokenbar       +0x0b8e          Control_o        Control_o        Meta_o           Meta_o           Meta_Control_o   Meta_Control_o  
keycode  25 = +p               +P               +section         +0x0b8f          Control_p        Control_p        Meta_p           Meta_p           Meta_Control_p   Meta_Control_p  
keycode  26 = bracketleft      braceleft        bracketleft      braceleft        Escape           VoidSymbol       Meta_bracketleft VoidSymbol       VoidSymbol       VoidSymbol      
keycode  27 = bracketright     braceright       bracketright     braceright       Control_bracketright VoidSymbol       Meta_bracketright VoidSymbol       VoidSymbol       VoidSymbol      
keycode  28 = Return           Return           Return           Return           Return           Return           AltGr_Lock       AltGr_Lock       Return           Return          
keycode  29 = Control          Control          Control          Control          Control          Control          Control          Control          Control          Control         
keycode  30 = +a               +A               +0x0b98          +0x0b80          Control_a        Control_a        Meta_a           Meta_a           Meta_Control_a   Meta_Control_a  
keycode  31 = +s               +S               +copyright       +0x0b91          Control_s        Control_s        Meta_s           Meta_s           Meta_Control_s   Meta_Control_s  
keycode  32 = +d               +D               +0x0b9b          +0x0b83          Control_d        Control_d        Meta_d           Meta_d           Meta_Control_d   Meta_Control_d  
keycode  33 = +f               +F               +hyphen          +0x0b94          Control_f        Control_f        Meta_f           Meta_f           Meta_Control_f   Meta_Control_f  
keycode  34 = +g               +G               +0x0b9a          +0x0b82          Control_g        Control_g        Meta_g           Meta_g           Meta_Control_g   Meta_Control_g  
keycode  35 = +h               +H               +0x0b9e          +0x0b86          BackSpace        BackSpace        Meta_h           Meta_h           Meta_BackSpace   Meta_BackSpace  
keycode  36 = +j               +J               +yen             +0x0b8d          Linefeed         Linefeed         Meta_j           Meta_j           Meta_Linefeed    Meta_Linefeed   
keycode  37 = +k               +K               +exclamdown      +0x0b89          Control_k        Control_k        Meta_k           Meta_k           Meta_Control_k   Meta_Control_k  
keycode  38 = +l               +L               +cent            +0x0b8a          Control_l        Control_l        Meta_l           Meta_l           Meta_Control_l   Meta_Control_l  
keycode  39 = semicolon        colon            dead_acute       dead_diaeresis   VoidSymbol       VoidSymbol       Meta_semicolon   VoidSymbol       VoidSymbol       VoidSymbol      
keycode  40 = apostrophe       quotedbl         apostrophe       quotedbl         Control_g        VoidSymbol       Meta_apostrophe  VoidSymbol       VoidSymbol       VoidSymbol      
keycode  41 = grave            asciitilde       grave            asciitilde       nul              VoidSymbol       Meta_grave       VoidSymbol       VoidSymbol       VoidSymbol      
keycode  42 = Shift            Shift            Shift            Shift            Shift            Shift            Shift            Shift            Shift            Shift           
keycode  43 = backslash        bar              backslash        bar              Control_backslash VoidSymbol       Meta_backslash   VoidSymbol       VoidSymbol       VoidSymbol      
keycode  44 = +z               +Z               +0x0b9d          +0x0b85          Control_z        Control_z        Meta_z           Meta_z           Meta_Control_z   Meta_Control_z  
keycode  45 = +x               +X               +registered      +0x0b95          Control_x        Control_x        Meta_x           Meta_x           Meta_Control_x   Meta_Control_x  
keycode  46 = +c               +C               +macron          +0x0b96          Control_c        Control_c        Meta_c           Meta_c           Meta_Control_c   Meta_Control_c  
keycode  47 = +v               +V               +agrave          +0x0b97          Control_v        Control_v        Meta_v           Meta_v           Meta_Control_v   Meta_Control_v  
keycode  48 = +b               +B               +0x0b99          +0x0b81          Control_b        Control_b        Meta_b           Meta_b           Meta_Control_b   Meta_Control_b  
keycode  49 = +n               +N               +currency        +0x0b8c          Control_n        Control_n        Meta_n           Meta_n           Meta_Control_n   Meta_Control_n  
keycode  50 = +m               +M               +sterling        +0x0b8b          Control_m        Control_m        Meta_m           Meta_m           Meta_Control_m   Meta_Control_m  
keycode  51 = comma            less             comma            less             VoidSymbol       VoidSymbol       Meta_comma       VoidSymbol       VoidSymbol       VoidSymbol      
keycode  52 = period           greater          period           greater          VoidSymbol       VoidSymbol       Meta_period      VoidSymbol       VoidSymbol       VoidSymbol      
keycode  53 = slash            question         slash            question         Delete           VoidSymbol       Meta_slash       VoidSymbol       VoidSymbol       VoidSymbol      
keycode  54 = Shift            Shift            Shift            Shift            Shift            Shift            Shift            Shift            Shift            Shift           
keycode  55 = KP_Multiply      KP_Multiply      Hex_C            KP_Multiply      KP_Multiply      KP_Multiply      KP_Multiply      KP_Multiply      KP_Multiply      KP_Multiply     
keycode  56 = Alt              Alt              Alt              Alt              Alt              Alt              Alt              Alt              Alt              Alt             
keycode  57 = space            space            space            space            nul              space            Meta_space       space            space            space           
keycode  58 = Caps_Lock        Caps_Lock        Caps_Lock        Caps_Lock        Caps_Lock        Caps_Lock        Caps_Lock        Caps_Lock        Caps_Lock        Caps_Lock       
keycode  59 = F1               F13              VoidSymbol       VoidSymbol       F25              VoidSymbol       Console_1        VoidSymbol       Console_1        VoidSymbol      
keycode  60 = F2               F14              VoidSymbol       VoidSymbol       F26              VoidSymbol       Console_2        VoidSymbol       Console_2        VoidSymbol      
keycode  61 = F3               F15              VoidSymbol       VoidSymbol       F27              VoidSymbol       Console_3        VoidSymbol       Console_3        VoidSymbol      
keycode  62 = F4               F16              VoidSymbol       VoidSymbol       F28              VoidSymbol       Console_4        VoidSymbol       Console_4        VoidSymbol      
keycode  63 = F5               F17              VoidSymbol       VoidSymbol       F29              VoidSymbol       Console_5        VoidSymbol       Console_5        VoidSymbol      
keycode  64 = F6               F18              VoidSymbol       VoidSymbol       F30              VoidSymbol       Console_6        VoidSymbol       Console_6        VoidSymbol      
keycode  65 = F7               F19              VoidSymbol       VoidSymbol       F31              VoidSymbol       Console_7        VoidSymbol       Console_7        VoidSymbol      
keycode  66 = F8               F20              VoidSymbol       VoidSymbol       F32              VoidSymbol       Console_8        VoidSymbol       Console_8        VoidSymbol      
keycode  67 = F9               F21              VoidSymbol       VoidSymbol       F33              VoidSymbol       Console_9        VoidSymbol       Console_9        VoidSymbol      
keycode  68 = F10              F22              VoidSymbol       VoidSymbol       F34              VoidSymbol       Console_10       VoidSymbol       Console_10       VoidSymbol      
keycode  69 = Num_Lock         Num_Lock         Hex_A            Num_Lock         Num_Lock         Num_Lock         Num_Lock         Num_Lock         Num_Lock         Num_Lock        
keycode  70 = Scroll_Lock      Show_Memory      Show_Registers   VoidSymbol       Show_State       VoidSymbol       Scroll_Lock      VoidSymbol       VoidSymbol       VoidSymbol      
keycode  71 = KP_7             KP_7             Hex_7            KP_7             KP_7             KP_7             Ascii_7          KP_7             KP_7             KP_7            
keycode  72 = KP_8             KP_8             Hex_8            KP_8             KP_8             KP_8             Ascii_8          KP_8             KP_8             KP_8            
keycode  73 = KP_9             KP_9             Hex_9            KP_9             KP_9             KP_9             Ascii_9          KP_9             KP_9             KP_9            
keycode  74 = KP_Subtract      KP_Subtract      Hex_D            KP_Subtract      KP_Subtract      KP_Subtract      KP_Subtract      KP_Subtract      KP_Subtract      KP_Subtract     
keycode  75 = KP_4             KP_4             Hex_4            KP_4             KP_4             KP_4             Ascii_4          KP_4             KP_4             KP_4            
keycode  76 = KP_5             KP_5             Hex_5            KP_5             KP_5             KP_5             Ascii_5          KP_5             KP_5             KP_5            
keycode  77 = KP_6             KP_6             Hex_6            KP_6             KP_6             KP_6             Ascii_6          KP_6             KP_6             KP_6            
keycode  78 = KP_Add           KP_Add           Hex_E            KP_Add           KP_Add           KP_Add           KP_Add           KP_Add           KP_Add           KP_Add          
keycode  79 = KP_1             KP_1             Hex_1            KP_1             KP_1             KP_1             Ascii_1          KP_1             KP_1             KP_1            
keycode  80 = KP_2             KP_2             Hex_2            KP_2             KP_2             KP_2             Ascii_2          KP_2             KP_2             KP_2            
keycode  81 = KP_3             KP_3             Hex_3            KP_3             KP_3             KP_3             Ascii_3          KP_3             KP_3             KP_3            
keycode  82 = KP_0             KP_0             Hex_0            KP_0             KP_0             KP_0             Ascii_0          KP_0             KP_0             KP_0            
keycode  83 = KP_Period        KP_Period        KP_Period        KP_Period        KP_Period        Boot             KP_Period        KP_Period        Boot             KP_Period       
keycode  84 = Last_Console     Last_Console     Last_Console     Last_Console     Last_Console     Last_Console     Last_Console     Last_Console     Last_Console     Last_Console    
keycode  85 = VoidSymbol       VoidSymbol       VoidSymbol       VoidSymbol       VoidSymbol       VoidSymbol       VoidSymbol       VoidSymbol       VoidSymbol       VoidSymbol      
keycode  86 = less             greater          VoidSymbol       VoidSymbol       VoidSymbol       VoidSymbol       Meta_less        VoidSymbol       VoidSymbol       VoidSymbol      
keycode  87 = F11              F23              VoidSymbol       VoidSymbol       F35              VoidSymbol       Console_11       VoidSymbol       Console_11       VoidSymbol      
keycode  88 = F12              F24              VoidSymbol       VoidSymbol       F36              VoidSymbol       Console_12       VoidSymbol       Console_12       VoidSymbol      
keycode  89 = VoidSymbol       VoidSymbol       VoidSymbol       VoidSymbol       VoidSymbol       VoidSymbol       VoidSymbol       VoidSymbol       VoidSymbol       VoidSymbol      
keycode  90 = VoidSymbol       VoidSymbol       VoidSymbol       VoidSymbol       VoidSymbol       VoidSymbol       VoidSymbol       VoidSymbol       VoidSymbol       VoidSymbol      
keycode  91 = VoidSymbol       VoidSymbol       VoidSymbol       VoidSymbol       VoidSymbol       VoidSymbol       VoidSymbol       VoidSymbol       VoidSymbol       VoidSymbol      
keycode  92 = VoidSymbol       VoidSymbol       VoidSymbol       VoidSymbol       VoidSymbol       VoidSymbol       VoidSymbol       VoidSymbol       VoidSymbol       VoidSymbol      
keycode  93 = VoidSymbol       VoidSymbol       VoidSymbol       VoidSymbol       VoidSymbol       VoidSymbol       VoidSymbol       VoidSymbol       VoidSymbol       VoidSymbol      
keycode  94 = VoidSymbol       VoidSymbol       VoidSymbol       VoidSymbol       VoidSymbol       VoidSymbol       VoidSymbol       VoidSymbol       VoidSymbol       VoidSymbol      
keycode  95 = VoidSymbol       VoidSymbol       VoidSymbol       VoidSymbol       VoidSymbol       VoidSymbol       VoidSymbol       VoidSymbol       VoidSymbol       VoidSymbol      
keycode  96 = KP_Enter         KP_Enter         Hex_F            KP_Enter         KP_Enter         KP_Enter         KP_Enter         KP_Enter         KP_Enter         KP_Enter        
keycode  97 = Control          Control          Control          Control          Control          Control          Control          Control          Control          Control         
keycode  98 = KP_Divide        KP_Divide        Hex_B            KP_Divide        KP_Divide        KP_Divide        KP_Divide        KP_Divide        KP_Divide        KP_Divide       
keycode  99 = Compose          Compose          Compose          Compose          Control_backslash Compose          Control_backslash Compose          Compose          Compose         
keycode 100 = Alt              Alt              Alt              Alt              Alt              Alt              Alt              Alt              Alt              Alt             
keycode 101 = Break            Break            Break            Break            Break            Break            Break            Break            Break            Break           
keycode 102 = Find             Find             Find             Find             Find             Find             Find             Find             Find             Find            
keycode 103 = Up               Up               Up               Up               Up               Up               KeyboardSignal   Up               Up               Up              
keycode 104 = Prior            Scroll_Backward  Prior            Prior            Prior            Prior            Prior            Prior            Prior            Prior           
keycode 105 = Left             Left             Left             Left             Left             Left             Decr_Console     Left             Left             Left            
keycode 106 = Right            Right            Right            Right            Right            Right            Incr_Console     Right            Right            Right           
keycode 107 = Select           Select           Select           Select           Select           Select           Select           Select           Select           Select          
keycode 108 = Down             Down             Down             Down             Down             Down             Down             Down             Down             Down            
keycode 109 = Next             Scroll_Forward   Next             Next             Next             Next             Next             Next             Next             Next            
keycode 110 = Insert           Insert           Insert           Insert           Insert           Insert           Insert           Insert           Insert           Insert          
keycode 111 = Remove           Remove           Remove           Remove           Remove           Boot             Remove           Remove           Boot             Remove          
keycode 112 = VoidSymbol       VoidSymbol       VoidSymbol       VoidSymbol       VoidSymbol       VoidSymbol       VoidSymbol       VoidSymbol       VoidSymbol       VoidSymbol      
keycode 113 = VoidSymbol       VoidSymbol       VoidSymbol       VoidSymbol       VoidSymbol       VoidSymbol       VoidSymbol       VoidSymbol       VoidSymbol       VoidSymbol      
keycode 114 = VoidSymbol       VoidSymbol       VoidSymbol       VoidSymbol       VoidSymbol       VoidSymbol       VoidSymbol       VoidSymbol       VoidSymbol       VoidSymbol      
keycode 115 = VoidSymbol       VoidSymbol       VoidSymbol       VoidSymbol       VoidSymbol       VoidSymbol       VoidSymbol       VoidSymbol       VoidSymbol       VoidSymbol      
keycode 116 = VoidSymbol       VoidSymbol       VoidSymbol       VoidSymbol       VoidSymbol       VoidSymbol       VoidSymbol       VoidSymbol       VoidSymbol       VoidSymbol      
keycode 117 = VoidSymbol       VoidSymbol       VoidSymbol       VoidSymbol       VoidSymbol       VoidSymbol       VoidSymbol       VoidSymbol       VoidSymbol       VoidSymbol      
keycode 118 = VoidSymbol       VoidSymbol       VoidSymbol       VoidSymbol       VoidSymbol       VoidSymbol       VoidSymbol       VoidSymbol       VoidSymbol       VoidSymbol      
keycode 119 = Pause            Pause            Pause            Pause            Pause            Pause            Pause            Pause            Pause            Pause           
keycode 120 = VoidSymbol       VoidSymbol       VoidSymbol       VoidSymbol       VoidSymbol       VoidSymbol       VoidSymbol       VoidSymbol       VoidSymbol       VoidSymbol      
keycode 121 = VoidSymbol       VoidSymbol       VoidSymbol       VoidSymbol       VoidSymbol       VoidSymbol       VoidSymbol       VoidSymbol       VoidSymbol       VoidSymbol      
keycode 122 = VoidSymbol       VoidSymbol       VoidSymbol       VoidSymbol       VoidSymbol       VoidSymbol       VoidSymbol       VoidSymbol       VoidSymbol       VoidSymbol      
keycode 123 = VoidSymbol       VoidSymbol       VoidSymbol       VoidSymbol       VoidSymbol       VoidSymbol       VoidSymbol       VoidSymbol       VoidSymbol       VoidSymbol      
keycode 124 = VoidSymbol       VoidSymbol       VoidSymbol       VoidSymbol       VoidSymbol       VoidSymbol       VoidSymbol       VoidSymbol       VoidSymbol       VoidSymbol      
keycode 125 = VoidSymbol       VoidSymbol       VoidSymbol       VoidSymbol       VoidSymbol       VoidSymbol       VoidSymbol       VoidSymbol       VoidSymbol       VoidSymbol      
keycode 126 = VoidSymbol       VoidSymbol       VoidSymbol       VoidSymbol       VoidSymbol       VoidSymbol       VoidSymbol       VoidSymbol       VoidSymbol       VoidSymbol      
keycode 127 = VoidSymbol       VoidSymbol       VoidSymbol       VoidSymbol       VoidSymbol       VoidSymbol       VoidSymbol       VoidSymbol       VoidSymbol       VoidSymbol      
keycode 128 = VoidSymbol       VoidSymbol       VoidSymbol       VoidSymbol       VoidSymbol       VoidSymbol       VoidSymbol       VoidSymbol       VoidSymbol       VoidSymbol      
keycode 129 = VoidSymbol       VoidSymbol       VoidSymbol       VoidSymbol       VoidSymbol       VoidSymbol       VoidSymbol       VoidSymbol       VoidSymbol       VoidSymbol      
keycode 130 = VoidSymbol       VoidSymbol       VoidSymbol       VoidSymbol       VoidSymbol       VoidSymbol       VoidSymbol       VoidSymbol       VoidSymbol       VoidSymbol      
keycode 131 = VoidSymbol       VoidSymbol       VoidSymbol       VoidSymbol       VoidSymbol       VoidSymbol       VoidSymbol       VoidSymbol       VoidSymbol       VoidSymbol      
keycode 132 = VoidSymbol       VoidSymbol       VoidSymbol       VoidSymbol       VoidSymbol       VoidSymbol       VoidSymbol       VoidSymbol       VoidSymbol       VoidSymbol      
keycode 133 = VoidSymbol       VoidSymbol       VoidSymbol       VoidSymbol       VoidSymbol       VoidSymbol       VoidSymbol       VoidSymbol       VoidSymbol       VoidSymbol      
keycode 134 = VoidSymbol       VoidSymbol       VoidSymbol       VoidSymbol       VoidSymbol       VoidSymbol       VoidSymbol       VoidSymbol       VoidSymbol       VoidSymbol      
keycode 135 = VoidSymbol       VoidSymbol       VoidSymbol       VoidSymbol       VoidSymbol       VoidSymbol       VoidSymbol       VoidSymbol       VoidSymbol       VoidSymbol      
keycode 136 = VoidSymbol       VoidSymbol       VoidSymbol       VoidSymbol       VoidSymbol       VoidSymbol       VoidSymbol       VoidSymbol       VoidSymbol       VoidSymbol      
keycode 137 = VoidSymbol       VoidSymbol       VoidSymbol       VoidSymbol       VoidSymbol       VoidSymbol       VoidSymbol       VoidSymbol       VoidSymbol       VoidSymbol      
keycode 138 = VoidSymbol       VoidSymbol       VoidSymbol       VoidSymbol       VoidSymbol       VoidSymbol       VoidSymbol       VoidSymbol       VoidSymbol       VoidSymbol      
keycode 139 = VoidSymbol       VoidSymbol       VoidSymbol       VoidSymbol       VoidSymbol       VoidSymbol       VoidSymbol       VoidSymbol       VoidSymbol       VoidSymbol      
keycode 140 = VoidSymbol       VoidSymbol       VoidSymbol       VoidSymbol       VoidSymbol       VoidSymbol       VoidSymbol       VoidSymbol       VoidSymbol       VoidSymbol      
keycode 141 = VoidSymbol       VoidSymbol       VoidSymbol       VoidSymbol       VoidSymbol       VoidSymbol       VoidSymbol       VoidSymbol       VoidSymbol       VoidSymbol      
keycode 142 = VoidSymbol       VoidSymbol       VoidSymbol       VoidSymbol       VoidSymbol       VoidSymbol       VoidSymbol       VoidSymbol       VoidSymbol       VoidSymbol      
keycode 143 = VoidSymbol       VoidSymbol       VoidSymbol       VoidSymbol       VoidSymbol       VoidSymbol       VoidSymbol       VoidSymbol       VoidSymbol       VoidSymbol      
keycode 144 = VoidSymbol       VoidSymbol       VoidSymbol       VoidSymbol       VoidSymbol       VoidSymbol       VoidSymbol       VoidSymbol       VoidSymbol       VoidSymbol      
keycode 145 = VoidSymbol       VoidSymbol       VoidSymbol       VoidSymbol       VoidSymbol       VoidSymbol       VoidSymbol       VoidSymbol       VoidSymbol       VoidSymbol      
keycode 146 = VoidSymbol       VoidSymbol       VoidSymbol       VoidSymbol       VoidSymbol       VoidSymbol       VoidSymbol       VoidSymbol       VoidSymbol       VoidSymbol      
keycode 147 = VoidSymbol       VoidSymbol       VoidSymbol       VoidSymbol       VoidSymbol       VoidSymbol       VoidSymbol       VoidSymbol       VoidSymbol       VoidSymbol      
keycode 148 = VoidSymbol       VoidSymbol       VoidSymbol       VoidSymbol       VoidSymbol       VoidSymbol       VoidSymbol       VoidSymbol       VoidSymbol       VoidSymbol      
keycode 149 = VoidSymbol       VoidSymbol       VoidSymbol       VoidSymbol       VoidSymbol       VoidSymbol       VoidSymbol       VoidSymbol       VoidSymbol       VoidSymbol      
keycode 150 = VoidSymbol       VoidSymbol       VoidSymbol       VoidSymbol       VoidSymbol       VoidSymbol       VoidSymbol       VoidSymbol       VoidSymbol       VoidSymbol      
keycode 151 = VoidSymbol       VoidSymbol       VoidSymbol       VoidSymbol       VoidSymbol       VoidSymbol       VoidSymbol       VoidSymbol       VoidSymbol       VoidSymbol      
keycode 152 = VoidSymbol       VoidSymbol       VoidSymbol       VoidSymbol       VoidSymbol       VoidSymbol       VoidSymbol       VoidSymbol       VoidSymbol       VoidSymbol      
keycode 153 = VoidSymbol       VoidSymbol       VoidSymbol       VoidSymbol       VoidSymbol       VoidSymbol       VoidSymbol       VoidSymbol       VoidSymbol       VoidSymbol      
keycode 154 = VoidSymbol       VoidSymbol       VoidSymbol       VoidSymbol       VoidSymbol       VoidSymbol       VoidSymbol       VoidSymbol       VoidSymbol       VoidSymbol      
keycode 155 = VoidSymbol       VoidSymbol       VoidSymbol       VoidSymbol       VoidSymbol       VoidSymbol       VoidSymbol       VoidSymbol       VoidSymbol       VoidSymbol      
keycode 156 = VoidSymbol       VoidSymbol       VoidSymbol       VoidSymbol       VoidSymbol       VoidSymbol       VoidSymbol       VoidSymbol       VoidSymbol       VoidSymbol      
keycode 157 = VoidSymbol       VoidSymbol       VoidSymbol       VoidSymbol       VoidSymbol       VoidSymbol       VoidSymbol       VoidSymbol       VoidSymbol       VoidSymbol      
keycode 158 = VoidSymbol       VoidSymbol       VoidSymbol       VoidSymbol       VoidSymbol       VoidSymbol       VoidSymbol       VoidSymbol       VoidSymbol       VoidSymbol      
keycode 159 = VoidSymbol       VoidSymbol       VoidSymbol       VoidSymbol       VoidSymbol       VoidSymbol       VoidSymbol       VoidSymbol       VoidSymbol       VoidSymbol      
keycode 160 = VoidSymbol       VoidSymbol       VoidSymbol       VoidSymbol       VoidSymbol       VoidSymbol       VoidSymbol       VoidSymbol       VoidSymbol       VoidSymbol      
keycode 161 = VoidSymbol       VoidSymbol       VoidSymbol       VoidSymbol       VoidSymbol       VoidSymbol       VoidSymbol       VoidSymbol       VoidSymbol       VoidSymbol      
keycode 162 = VoidSymbol       VoidSymbol       VoidSymbol       VoidSymbol       VoidSymbol       VoidSymbol       VoidSymbol       VoidSymbol       VoidSymbol       VoidSymbol      
keycode 163 = VoidSymbol       VoidSymbol       VoidSymbol       VoidSymbol       VoidSymbol       VoidSymbol       VoidSymbol       VoidSymbol       VoidSymbol       VoidSymbol      
keycode 164 = VoidSymbol       VoidSymbol       VoidSymbol       VoidSymbol       VoidSymbol       VoidSymbol       VoidSymbol       VoidSymbol       VoidSymbol       VoidSymbol      
keycode 165 = VoidSymbol       VoidSymbol       VoidSymbol       VoidSymbol       VoidSymbol       VoidSymbol       VoidSymbol       VoidSymbol       VoidSymbol       VoidSymbol      
keycode 166 = VoidSymbol       VoidSymbol       VoidSymbol       VoidSymbol       VoidSymbol       VoidSymbol       VoidSymbol       VoidSymbol       VoidSymbol       VoidSymbol      
keycode 167 = VoidSymbol       VoidSymbol       VoidSymbol       VoidSymbol       VoidSymbol       VoidSymbol       VoidSymbol       VoidSymbol       VoidSymbol       VoidSymbol      
keycode 168 = VoidSymbol       VoidSymbol       VoidSymbol       VoidSymbol       VoidSymbol       VoidSymbol       VoidSymbol       VoidSymbol       VoidSymbol       VoidSymbol      
keycode 169 = VoidSymbol       VoidSymbol       VoidSymbol       VoidSymbol       VoidSymbol       VoidSymbol       VoidSymbol       VoidSymbol       VoidSymbol       VoidSymbol      
keycode 170 = VoidSymbol       VoidSymbol       VoidSymbol       VoidSymbol       VoidSymbol       VoidSymbol       VoidSymbol       VoidSymbol       VoidSymbol       VoidSymbol      
keycode 171 = VoidSymbol       VoidSymbol       VoidSymbol       VoidSymbol       VoidSymbol       VoidSymbol       VoidSymbol       VoidSymbol       VoidSymbol       VoidSymbol      
keycode 172 = VoidSymbol       VoidSymbol       VoidSymbol       VoidSymbol       VoidSymbol       VoidSymbol       VoidSymbol       VoidSymbol       VoidSymbol       VoidSymbol      
keycode 173 = VoidSymbol       VoidSymbol       VoidSymbol       VoidSymbol       VoidSymbol       VoidSymbol       VoidSymbol       VoidSymbol       VoidSymbol       VoidSymbol      
keycode 174 = VoidSymbol       VoidSymbol       VoidSymbol       VoidSymbol       VoidSymbol       VoidSymbol       VoidSymbol       VoidSymbol       VoidSymbol       VoidSymbol      
keycode 175 = VoidSymbol       VoidSymbol       VoidSymbol       VoidSymbol       VoidSymbol       VoidSymbol       VoidSymbol       VoidSymbol       VoidSymbol       VoidSymbol      
keycode 176 = VoidSymbol       VoidSymbol       VoidSymbol       VoidSymbol       VoidSymbol       VoidSymbol       VoidSymbol       VoidSymbol       VoidSymbol       VoidSymbol      
keycode 177 = VoidSymbol       VoidSymbol       VoidSymbol       VoidSymbol       VoidSymbol       VoidSymbol       VoidSymbol       VoidSymbol       VoidSymbol       VoidSymbol      
keycode 178 = VoidSymbol       VoidSymbol       VoidSymbol       VoidSymbol       VoidSymbol       VoidSymbol       VoidSymbol       VoidSymbol       VoidSymbol       VoidSymbol      
keycode 179 = VoidSymbol       VoidSymbol       VoidSymbol       VoidSymbol       VoidSymbol       VoidSymbol       VoidSymbol       VoidSymbol       VoidSymbol       VoidSymbol      
keycode 180 = VoidSymbol       VoidSymbol       VoidSymbol       VoidSymbol       VoidSymbol       VoidSymbol       VoidSymbol       VoidSymbol       VoidSymbol       VoidSymbol      
keycode 181 = VoidSymbol       VoidSymbol       VoidSymbol       VoidSymbol       VoidSymbol       VoidSymbol       VoidSymbol       VoidSymbol       VoidSymbol       VoidSymbol      
keycode 182 = VoidSymbol       VoidSymbol       VoidSymbol       VoidSymbol       VoidSymbol       VoidSymbol       VoidSymbol       VoidSymbol       VoidSymbol       VoidSymbol      
keycode 183 = VoidSymbol       VoidSymbol       VoidSymbol       VoidSymbol       VoidSymbol       VoidSymbol       VoidSymbol       VoidSymbol       VoidSymbol       VoidSymbol      
keycode 184 = VoidSymbol       VoidSymbol       VoidSymbol       VoidSymbol       VoidSymbol       VoidSymbol       VoidSymbol       VoidSymbol       VoidSymbol       VoidSymbol      
keycode 185 = VoidSymbol       VoidSymbol       VoidSymbol       VoidSymbol       VoidSymbol       VoidSymbol       VoidSymbol       VoidSymbol       VoidSymbol       VoidSymbol      
keycode 186 = VoidSymbol       VoidSymbol       VoidSymbol       VoidSymbol       VoidSymbol       VoidSymbol       VoidSymbol       VoidSymbol       VoidSymbol       VoidSymbol      
keycode 187 = VoidSymbol       VoidSymbol       VoidSymbol       VoidSymbol       VoidSymbol       VoidSymbol       VoidSymbol       VoidSymbol       VoidSymbol       VoidSymbol      
keycode 188 = VoidSymbol       VoidSymbol       VoidSymbol       VoidSymbol       VoidSymbol       VoidSymbol       VoidSymbol       VoidSymbol       VoidSymbol       VoidSymbol      
keycode 189 = VoidSymbol       VoidSymbol       VoidSymbol       VoidSymbol       VoidSymbol       VoidSymbol       VoidSymbol       VoidSymbol       VoidSymbol       VoidSymbol      
keycode 190 = VoidSymbol       VoidSymbol       VoidSymbol       VoidSymbol       VoidSymbol       VoidSymbol       VoidSymbol       VoidSymbol       VoidSymbol       VoidSymbol      
keycode 191 = VoidSymbol       VoidSymbol       VoidSymbol       VoidSymbol       VoidSymbol       VoidSymbol       VoidSymbol       VoidSymbol       VoidSymbol       VoidSymbol      
keycode 192 = VoidSymbol       VoidSymbol       VoidSymbol       VoidSymbol       VoidSymbol       VoidSymbol       VoidSymbol       VoidSymbol       VoidSymbol       VoidSymbol      
keycode 193 = VoidSymbol       VoidSymbol       VoidSymbol       VoidSymbol       VoidSymbol       VoidSymbol       VoidSymbol       VoidSymbol       VoidSymbol       VoidSymbol      
keycode 194 = VoidSymbol       VoidSymbol       VoidSymbol       VoidSymbol       VoidSymbol       VoidSymbol       VoidSymbol       VoidSymbol       VoidSymbol       VoidSymbol      
keycode 195 = VoidSymbol       VoidSymbol       VoidSymbol       VoidSymbol       VoidSymbol       VoidSymbol       VoidSymbol       VoidSymbol       VoidSymbol       VoidSymbol      
keycode 196 = VoidSymbol       VoidSymbol       VoidSymbol       VoidSymbol       VoidSymbol       VoidSymbol       VoidSymbol       VoidSymbol       VoidSymbol       VoidSymbol      
keycode 197 = VoidSymbol       VoidSymbol       VoidSymbol       VoidSymbol       VoidSymbol       VoidSymbol       VoidSymbol       VoidSymbol       VoidSymbol       VoidSymbol      
keycode 198 = VoidSymbol       VoidSymbol       VoidSymbol       VoidSymbol       VoidSymbol       VoidSymbol       VoidSymbol       VoidSymbol       VoidSymbol       VoidSymbol      
keycode 199 = VoidSymbol       VoidSymbol       VoidSymbol       VoidSymbol       VoidSymbol       VoidSymbol       VoidSymbol       VoidSymbol       VoidSymbol       VoidSymbol      
keycode 200 = VoidSymbol       VoidSymbol       VoidSymbol       VoidSymbol       VoidSymbol       VoidSymbol       VoidSymbol       VoidSymbol       VoidSymbol       VoidSymbol      
keycode 201 = VoidSymbol       VoidSymbol       VoidSymbol       VoidSymbol       VoidSymbol       VoidSymbol       VoidSymbol       VoidSymbol       VoidSymbol       VoidSymbol      
keycode 202 = VoidSymbol       VoidSymbol       VoidSymbol       VoidSymbol       VoidSymbol       VoidSymbol       VoidSymbol       VoidSymbol       VoidSymbol       VoidSymbol      
keycode 203 = VoidSymbol       VoidSymbol       VoidSymbol       VoidSymbol       VoidSymbol       VoidSymbol       VoidSymbol       VoidSymbol       VoidSymbol       VoidSymbol      
keycode 204 = VoidSymbol       VoidSymbol       VoidSymbol       VoidSymbol       VoidSymbol       VoidSymbol       VoidSymbol       VoidSymbol       VoidSymbol       VoidSymbol      
keycode 205 = VoidSymbol       VoidSymbol       VoidSymbol       VoidSymbol       VoidSymbol       VoidSymbol       VoidSymbol       VoidSymbol       VoidSymbol       VoidSymbol      
keycode 206 = VoidSymbol       VoidSymbol       VoidSymbol       VoidSymbol       VoidSymbol       VoidSymbol       VoidSymbol       VoidSymbol       VoidSymbol       VoidSymbol      
keycode 207 = VoidSymbol       VoidSymbol       VoidSymbol       VoidSymbol       VoidSymbol       VoidSymbol       VoidSymbol       VoidSymbol       VoidSymbol       VoidSymbol      
keycode 208 = VoidSymbol       VoidSymbol       VoidSymbol       VoidSymbol       VoidSymbol       VoidSymbol       VoidSymbol       VoidSymbol       VoidSymbol       VoidSymbol      
keycode 209 = VoidSymbol       VoidSymbol       VoidSymbol       VoidSymbol       VoidSymbol       VoidSymbol       VoidSymbol       VoidSymbol       VoidSymbol       VoidSymbol      
keycode 210 = VoidSymbol       VoidSymbol       VoidSymbol       VoidSymbol       VoidSymbol       VoidSymbol       VoidSymbol       VoidSymbol       VoidSymbol       VoidSymbol      
keycode 211 = VoidSymbol       VoidSymbol       VoidSymbol       VoidSymbol       VoidSymbol       VoidSymbol       VoidSymbol       VoidSymbol       VoidSymbol       VoidSymbol      
keycode 212 = VoidSymbol       VoidSymbol       VoidSymbol       VoidSymbol       VoidSymbol       VoidSymbol       VoidSymbol       VoidSymbol       VoidSymbol       VoidSymbol      
keycode 213 = VoidSymbol       VoidSymbol       VoidSymbol       VoidSymbol       VoidSymbol       VoidSymbol       VoidSymbol       VoidSymbol       VoidSymbol       VoidSymbol      
keycode 214 = VoidSymbol       VoidSymbol       VoidSymbol       VoidSymbol       VoidSymbol       VoidSymbol       VoidSymbol       VoidSymbol       VoidSymbol       VoidSymbol      
keycode 215 = VoidSymbol       VoidSymbol       VoidSymbol       VoidSymbol       VoidSymbol       VoidSymbol       VoidSymbol       VoidSymbol       VoidSymbol       VoidSymbol      
keycode 216 = VoidSymbol       VoidSymbol       VoidSymbol       VoidSymbol       VoidSymbol       VoidSymbol       VoidSymbol       VoidSymbol       VoidSymbol       VoidSymbol      
keycode 217 = VoidSymbol       VoidSymbol       VoidSymbol       VoidSymbol       VoidSymbol       VoidSymbol       VoidSymbol       VoidSymbol       VoidSymbol       VoidSymbol      
keycode 218 = VoidSymbol       VoidSymbol       VoidSymbol       VoidSymbol       VoidSymbol       VoidSymbol       VoidSymbol       VoidSymbol       VoidSymbol       VoidSymbol      
keycode 219 = VoidSymbol       VoidSymbol       VoidSymbol       VoidSymbol       VoidSymbol       VoidSymbol       VoidSymbol       VoidSymbol       VoidSymbol       VoidSymbol      
keycode 220 = VoidSymbol       VoidSymbol       VoidSymbol       VoidSymbol       VoidSymbol       VoidSymbol       VoidSymbol       VoidSymbol       VoidSymbol       VoidSymbol      
keycode 221 = VoidSymbol       VoidSymbol       VoidSymbol       VoidSymbol       VoidSymbol       VoidSymbol       VoidSymbol       VoidSymbol       VoidSymbol       VoidSymbol      
keycode 222 = VoidSymbol       VoidSymbol       VoidSymbol       VoidSymbol       VoidSymbol       VoidSymbol       VoidSymbol       VoidSymbol       VoidSymbol       VoidSymbol      
keycode 223 = VoidSymbol       VoidSymbol       VoidSymbol       VoidSymbol       VoidSymbol       VoidSymbol       VoidSymbol       VoidSymbol       VoidSymbol       VoidSymbol      
keycode 224 = VoidSymbol       VoidSymbol       VoidSymbol       VoidSymbol       VoidSymbol       VoidSymbol       VoidSymbol       VoidSymbol       VoidSymbol       VoidSymbol      
keycode 225 = VoidSymbol       VoidSymbol       VoidSymbol       VoidSymbol       VoidSymbol       VoidSymbol       VoidSymbol       VoidSymbol       VoidSymbol       VoidSymbol      
keycode 226 = VoidSymbol       VoidSymbol       VoidSymbol       VoidSymbol       VoidSymbol       VoidSymbol       VoidSymbol       VoidSymbol       VoidSymbol       VoidSymbol      
keycode 227 = VoidSymbol       VoidSymbol       VoidSymbol       VoidSymbol       VoidSymbol       VoidSymbol       VoidSymbol       VoidSymbol       VoidSymbol       VoidSymbol      
keycode 228 = VoidSymbol       VoidSymbol       VoidSymbol       VoidSymbol       VoidSymbol       VoidSymbol       VoidSymbol       VoidSymbol       VoidSymbol       VoidSymbol      
keycode 229 = VoidSymbol       VoidSymbol       VoidSymbol       VoidSymbol       VoidSymbol       VoidSymbol       VoidSymbol       VoidSymbol       VoidSymbol       VoidSymbol      
keycode 230 = VoidSymbol       VoidSymbol       VoidSymbol       VoidSymbol       VoidSymbol       VoidSymbol       VoidSymbol       VoidSymbol       VoidSymbol       VoidSymbol      
keycode 231 = VoidSymbol       VoidSymbol       VoidSymbol       VoidSymbol       VoidSymbol       VoidSymbol       VoidSymbol       VoidSymbol       VoidSymbol       VoidSymbol      
keycode 232 = VoidSymbol       VoidSymbol       VoidSymbol       VoidSymbol       VoidSymbol       VoidSymbol       VoidSymbol       VoidSymbol       VoidSymbol       VoidSymbol      
keycode 233 = VoidSymbol       VoidSymbol       VoidSymbol       VoidSymbol       VoidSymbol       VoidSymbol       VoidSymbol       VoidSymbol       VoidSymbol       VoidSymbol      
keycode 234 = VoidSymbol       VoidSymbol       VoidSymbol       VoidSymbol       VoidSymbol       VoidSymbol       VoidSymbol       VoidSymbol       VoidSymbol       VoidSymbol      
keycode 235 = VoidSymbol       VoidSymbol       VoidSymbol       VoidSymbol       VoidSymbol       VoidSymbol       VoidSymbol       VoidSymbol       VoidSymbol       VoidSymbol      
keycode 236 = VoidSymbol       VoidSymbol       VoidSymbol       VoidSymbol       VoidSymbol       VoidSymbol       VoidSymbol       VoidSymbol       VoidSymbol       VoidSymbol      
keycode 237 = VoidSymbol       VoidSymbol       VoidSymbol       VoidSymbol       VoidSymbol       VoidSymbol       VoidSymbol       VoidSymbol       VoidSymbol       VoidSymbol      
keycode 238 = VoidSymbol       VoidSymbol       VoidSymbol       VoidSymbol       VoidSymbol       VoidSymbol       VoidSymbol       VoidSymbol       VoidSymbol       VoidSymbol      
keycode 239 = VoidSymbol       VoidSymbol       VoidSymbol       VoidSymbol       VoidSymbol       VoidSymbol       VoidSymbol       VoidSymbol       VoidSymbol       VoidSymbol      
keycode 240 = VoidSymbol       VoidSymbol       VoidSymbol       VoidSymbol       VoidSymbol       VoidSymbol       VoidSymbol       VoidSymbol       VoidSymbol       VoidSymbol      
keycode 241 = VoidSymbol       VoidSymbol       VoidSymbol       VoidSymbol       VoidSymbol       VoidSymbol       VoidSymbol       VoidSymbol       VoidSymbol       VoidSymbol      
keycode 242 = VoidSymbol       VoidSymbol       VoidSymbol       VoidSymbol       VoidSymbol       VoidSymbol       VoidSymbol       VoidSymbol       VoidSymbol       VoidSymbol      
keycode 243 = VoidSymbol       VoidSymbol       VoidSymbol       VoidSymbol       VoidSymbol       VoidSymbol       VoidSymbol       VoidSymbol       VoidSymbol       VoidSymbol      
keycode 244 = VoidSymbol       VoidSymbol       VoidSymbol       VoidSymbol       VoidSymbol       VoidSymbol       VoidSymbol       VoidSymbol       VoidSymbol       VoidSymbol      
keycode 245 = VoidSymbol       VoidSymbol       VoidSymbol       VoidSymbol       VoidSymbol       VoidSymbol       VoidSymbol       VoidSymbol       VoidSymbol       VoidSymbol      
keycode 246 = VoidSymbol       VoidSymbol       VoidSymbol       VoidSymbol       VoidSymbol       VoidSymbol       VoidSymbol       VoidSymbol       VoidSymbol       VoidSymbol      
keycode 247 = VoidSymbol       VoidSymbol       VoidSymbol       VoidSymbol       VoidSymbol       VoidSymbol       VoidSymbol       VoidSymbol       VoidSymbol       VoidSymbol      
keycode 248 = VoidSymbol       VoidSymbol       VoidSymbol       VoidSymbol       VoidSymbol       VoidSymbol       VoidSymbol       VoidSymbol       VoidSymbol       VoidSymbol      
keycode 249 = VoidSymbol       VoidSymbol       VoidSymbol       VoidSymbol       VoidSymbol       VoidSymbol       VoidSymbol       VoidSymbol       VoidSymbol       VoidSymbol      
keycode 250 = VoidSymbol       VoidSymbol       VoidSymbol       VoidSymbol       VoidSymbol       VoidSymbol       VoidSymbol       VoidSymbol       VoidSymbol       VoidSymbol      
keycode 251 = VoidSymbol       VoidSymbol       VoidSymbol       VoidSymbol       VoidSymbol       VoidSymbol       VoidSymbol       VoidSymbol       VoidSymbol       VoidSymbol      
keycode 252 = VoidSymbol       VoidSymbol       VoidSymbol       VoidSymbol       VoidSymbol       VoidSymbol       VoidSymbol       VoidSymbol       VoidSymbol       VoidSymbol      
keycode 253 = VoidSymbol       VoidSymbol       VoidSymbol       VoidSymbol       VoidSymbol       VoidSymbol       VoidSymbol       VoidSymbol       VoidSymbol       VoidSymbol      
keycode 254 = VoidSymbol       VoidSymbol       VoidSymbol       VoidSymbol       VoidSymbol       VoidSymbol       VoidSymbol       VoidSymbol       VoidSymbol       VoidSymbol      
keycode 255 = VoidSymbol       VoidSymbol       VoidSymbol       VoidSymbol       VoidSymbol       VoidSymbol       VoidSymbol       VoidSymbol       VoidSymbol       VoidSymbol      
string F1 = "\033[[A"
string F2 = "\033[[B"
string F3 = "\033[[C"
string F4 = "\033[[D"
string F5 = "\033[[E"
string F6 = "\033[17~"
string F7 = "\033[18~"
string F8 = "\033[19~"
string F9 = "\033[20~"
string F10 = "\033[21~"
string F11 = "\033[23~"
string F12 = "\033[24~"
string F13 = "\033[25~"
string F14 = "\033[26~"
string F15 = "\033[28~"
string F16 = "\033[29~"
string F17 = "\033[31~"
string F18 = "\033[32~"
string F19 = "\033[33~"
string F20 = "\033[34~"
string Find = "\033[1~"
string Insert = "\033[2~"
string Remove = "\033[3~"
string Select = "\033[4~"
string Prior = "\033[5~"
string Next = "\033[6~"
compose '\'' '€' to ecircumflex
compose '\'' '„' to ediaeresis
compose '\'' '†' to igrave
compose '\'' 'ˆ' to iacute
compose '\'' 'Ž' to icircumflex
compose '\'' '“' to idiaeresis
compose '\'' '—' to eth
compose '\'' '˜' to aacute
compose '\'' 'œ' to acircumflex
compose '\'' 'ž' to atilde
compose '\'' ' ' to aring
compose '\'' '¦' to ae
compose '\'' '¬' to ccedilla
compose '\'' 'à' to eacute
compose '"' 'ˆ' to 'ˆ'
compose '"' '“' to '“'
compose '"' ' ' to adiaeresis
compose '"' '¬' to egrave
compose '^' ' ' to plus
compose '^' '¬' to plus
compose '\'' '\'' to semicolon
compose '"' '"' to colon
compose '\'' ' ' to apostrophe
