keymaps 0-2,4-5,8-9,12
keycode   1 = VoidSymbol       VoidSymbol       VoidSymbol       VoidSymbol       VoidSymbol       VoidSymbol       VoidSymbol       VoidSymbol      
keycode   2 = VoidSymbol       VoidSymbol       VoidSymbol       VoidSymbol       VoidSymbol       VoidSymbol       VoidSymbol       VoidSymbol      
keycode   3 = VoidSymbol       VoidSymbol       VoidSymbol       VoidSymbol       VoidSymbol       VoidSymbol       VoidSymbol       VoidSymbol      
keycode   4 = VoidSymbol       VoidSymbol       VoidSymbol       VoidSymbol       VoidSymbol       VoidSymbol       VoidSymbol       VoidSymbol      
keycode   5 = F1               F11              Console_13       F1               VoidSymbol       Console_1        F1               Console_1       
keycode   6 = F2               F12              Console_14       F2               VoidSymbol       Console_2        F2               Console_2       
keycode   7 = F10              F20              Console_22       F10              VoidSymbol       Console_10       F10              Console_10      
keycode   8 = F3               F13              Console_15       F3               VoidSymbol       Console_3        F3               Console_3       
keycode   9 = F11              F11              Console_23       F11              VoidSymbol       Console_11       F11              Console_11      
keycode  10 = F4               F14              Console_16       F4               VoidSymbol       Console_4        F4               Console_4       
keycode  11 = F12              F12              Console_24       F12              VoidSymbol       Console_12       F12              Console_12      
keycode  12 = F5               F15              Console_17       F5               VoidSymbol       Console_5        F5               Console_5       
keycode  13 = AltGr            AltGr            AltGr            AltGr            AltGr            AltGr            AltGr            AltGr           
keycode  14 = F6               F16              Console_18       F6               VoidSymbol       Console_6        F6               Console_6       
keycode  15 = bracketright     braceright       guillemotright   VoidSymbol       VoidSymbol       VoidSymbol       VoidSymbol       VoidSymbol      
keycode  16 = F7               F17              Console_19       F8               VoidSymbol       Console_7        VoidSymbol       Console_7       
keycode  17 = F8               F18              Console_20       VoidSymbol       VoidSymbol       Console_8        VoidSymbol       Console_8       
keycode  18 = F9               F19              Console_21       F9               VoidSymbol       Console_9        F9               Console_9       
keycode  19 = Alt              Alt              Alt              Alt              Alt              Alt              Alt              Alt             
keycode  20 = Up               Up               Up               Up               Up               Up               Up               Up              
keycode  21 = Pause            Pause            Pause            Pause            Pause            Pause            Pause            Pause           
keycode  22 = VoidSymbol       VoidSymbol       VoidSymbol       VoidSymbol       VoidSymbol       VoidSymbol       VoidSymbol       VoidSymbol      
keycode  23 = Scroll_Lock      Show_Memory      Show_Registers   Show_State       VoidSymbol       Scroll_Lock      VoidSymbol       VoidSymbol      
keycode  24 = Left             Left             Left             Left             Left             Decr_Console     Left             Left            
keycode  25 = VoidSymbol       VoidSymbol       VoidSymbol       VoidSymbol       VoidSymbol       VoidSymbol       VoidSymbol       VoidSymbol      
keycode  26 = VoidSymbol       VoidSymbol       VoidSymbol       VoidSymbol       VoidSymbol       VoidSymbol       VoidSymbol       VoidSymbol      
keycode  27 = Down             Down             Down             Down             Down             Down             Down             Down            
keycode  28 = Right            Right            Right            Right            Right            Incr_Console     Right            Right           
keycode  29 = Escape           Escape           VoidSymbol       VoidSymbol       VoidSymbol       Meta_Escape      VoidSymbol       VoidSymbol      
keycode  30 = one              exclam           VoidSymbol       VoidSymbol       VoidSymbol       Meta_one         VoidSymbol       VoidSymbol      
keycode  31 = two              quotedbl         at               nul              VoidSymbol       Meta_two         VoidSymbol       VoidSymbol      
keycode  32 = three            periodcentered   numbersign       Escape           VoidSymbol       Meta_three       VoidSymbol       VoidSymbol      
keycode  33 = four             dollar           VoidSymbol       Control_backslash VoidSymbol       Meta_four        VoidSymbol       VoidSymbol      
keycode  34 = five             percent          degree           Control_bracketright VoidSymbol       Meta_five        VoidSymbol       VoidSymbol      
keycode  35 = six              ampersand        notsign          Control_asciicircum VoidSymbol       Meta_six         VoidSymbol       VoidSymbol      
keycode  36 = seven            slash            VoidSymbol       Control_underscore VoidSymbol       Meta_seven       VoidSymbol       VoidSymbol      
keycode  37 = eight            parenleft        VoidSymbol       Delete           VoidSymbol       Meta_eight       VoidSymbol       VoidSymbol      
keycode  38 = nine             parenright       backslash        VoidSymbol       VoidSymbol       Meta_nine        VoidSymbol       VoidSymbol      
keycode  39 = zero             equal            bar              VoidSymbol       VoidSymbol       Meta_zero        VoidSymbol       VoidSymbol      
keycode  40 = apostrophe       question         grave            Control_underscore VoidSymbol       Meta_minus       VoidSymbol       VoidSymbol      
keycode  41 = exclamdown       questiondown     asciitilde       VoidSymbol       VoidSymbol       Meta_equal       VoidSymbol       VoidSymbol      
keycode  42 = ccedilla         Ccedilla         VoidSymbol       VoidSymbol       VoidSymbol       VoidSymbol       VoidSymbol       VoidSymbol      
keycode  43 = Delete           Delete           VoidSymbol       BackSpace        VoidSymbol       Meta_Delete      VoidSymbol       VoidSymbol      
keycode  44 = Insert           Insert           Insert           Insert           Insert           Insert           Insert           Insert          
keycode  45 = equal            equal            equal            equal            equal            equal            equal            equal           
keycode  46 = KP_Divide        KP_Divide        KP_Divide        KP_Divide        KP_Divide        KP_Divide        KP_Divide        KP_Divide       
keycode  47 = KP_Multiply      KP_Multiply      KP_Multiply      KP_Multiply      KP_Multiply      KP_Multiply      KP_Multiply      KP_Multiply     
keycode  48 = VoidSymbol       VoidSymbol       VoidSymbol       VoidSymbol       VoidSymbol       VoidSymbol       VoidSymbol       VoidSymbol      
keycode  49 = VoidSymbol       VoidSymbol       VoidSymbol       VoidSymbol       VoidSymbol       VoidSymbol       VoidSymbol       VoidSymbol      
keycode  50 = KP_Period        KP_Period        KP_Period        KP_Period        KP_Period        KP_Period        KP_Period        Boot            
keycode  51 = VoidSymbol       VoidSymbol       VoidSymbol       VoidSymbol       VoidSymbol       VoidSymbol       VoidSymbol       VoidSymbol      
keycode  52 = Find             Find             Find             Find             Find             Find             Find             Find            
keycode  53 = Tab              Meta_Tab         VoidSymbol       VoidSymbol       VoidSymbol       Meta_Tab         VoidSymbol       VoidSymbol      
keycode  54 = +q               +Q               +q               Control_q        Control_q        Meta_q           Meta_Q           Meta_Control_q  
keycode  55 = +w               +W               +w               Control_w        Control_w        Meta_w           Meta_W           Meta_Control_w  
keycode  56 = +e               +E               Hex_E            Control_e        Control_e        Meta_e           Meta_Control_e   VoidSymbol      
keycode  57 = +r               +R               +r               Control_r        Control_r        Meta_r           Meta_R           Meta_Control_r  
keycode  58 = +t               +T               +t               Control_t        Control_t        Meta_t           Meta_T           Meta_Control_t  
keycode  59 = +y               +Y               +y               Control_y        Control_y        Meta_y           Meta_Y           Meta_Control_y  
keycode  60 = +u               +U               +u               Control_u        Control_u        Meta_u           Meta_U           Meta_Control_u  
keycode  61 = +i               +I               +i               Tab              Tab              Meta_i           Meta_I           Meta_Tab        
keycode  62 = o                O                masculine        VoidSymbol       VoidSymbol       VoidSymbol       VoidSymbol       VoidSymbol      
keycode  63 = +p               +P               +p               Control_p        Control_p        Meta_p           Meta_P           Meta_Control_p  
keycode  64 = dead_grave       dead_circumflex  asciicircum      Escape           VoidSymbol       Meta_bracketleft VoidSymbol       VoidSymbol      
keycode  65 = plus             asterisk         asciitilde       Control_bracketright VoidSymbol       Meta_bracketright VoidSymbol       VoidSymbol      
keycode  66 = Delete           Delete           VoidSymbol       BackSpace        VoidSymbol       VoidSymbol       VoidSymbol       VoidSymbol      
keycode  67 = Compose          Compose          Compose          Compose          Compose          Meta_Delete      Compose          Compose         
keycode  68 = KP_7             KP_7             Hex_7            KP_7             KP_7             Ascii_7          KP_7             KP_7            
keycode  69 = KP_8             KP_8             Hex_8            KP_8             KP_8             Ascii_8          KP_8             KP_8            
keycode  70 = KP_9             KP_9             Hex_9            KP_9             KP_9             Ascii_9          KP_9             KP_9            
keycode  71 = KP_Subtract      KP_Subtract      KP_Subtract      KP_Subtract      KP_Subtract      KP_Subtract      KP_Subtract      KP_Subtract     
keycode  72 = VoidSymbol       VoidSymbol       VoidSymbol       VoidSymbol       VoidSymbol       VoidSymbol       VoidSymbol       VoidSymbol      
keycode  73 = VoidSymbol       VoidSymbol       VoidSymbol       VoidSymbol       VoidSymbol       VoidSymbol       VoidSymbol       VoidSymbol      
keycode  74 = Select           Select           Select           Select           Select           Select           Select           Select          
keycode  75 = VoidSymbol       VoidSymbol       VoidSymbol       VoidSymbol       VoidSymbol       VoidSymbol       VoidSymbol       VoidSymbol      
keycode  76 = Caps_Lock        Caps_Lock        Caps_Lock        Caps_Lock        Caps_Lock        Caps_Lock        Caps_Lock        Caps_Lock       
keycode  77 = a                A                ordfeminine      Control_a        Control_a        Meta_a           Meta_Control_a   VoidSymbol      
keycode  78 = +s               +S               +s               Control_s        Control_s        Meta_s           Meta_S           Meta_Control_s  
keycode  79 = +d               +D               Hex_D            Control_d        Control_d        Meta_d           Meta_Control_d   VoidSymbol      
keycode  80 = +f               +F               Hex_F            Control_f        Control_f        Meta_f           Meta_Control_f   VoidSymbol      
keycode  81 = +g               +G               +g               Control_g        Control_g        Meta_g           Meta_G           Meta_Control_g  
keycode  82 = +h               +H               +h               BackSpace        BackSpace        Meta_h           Meta_H           Meta_BackSpace  
keycode  83 = +j               +J               +j               Linefeed         Linefeed         Meta_j           Meta_J           Meta_Linefeed   
keycode  84 = +k               +K               +k               Control_k        Control_k        Meta_k           Meta_K           Meta_Control_k  
keycode  85 = +l               +L               +l               Control_l        Control_l        Meta_l           Meta_L           Meta_Control_l  
keycode  86 = ntilde           Ntilde           VoidSymbol       VoidSymbol       VoidSymbol       Meta_semicolon   VoidSymbol       VoidSymbol      
keycode  87 = dead_acute       dead_diaeresis   braceleft        Control_g        VoidSymbol       Meta_apostrophe  VoidSymbol       VoidSymbol      
keycode  88 = bracketleft      braceleft        guillemotleft    Control_backslash VoidSymbol       Meta_backslash   Meta_asciitilde  VoidSymbol      
keycode  89 = Return           Return           Return           Return           Return           Meta_Control_m   Return           Return          
keycode  90 = KP_Enter         KP_Enter         KP_Enter         KP_Enter         KP_Enter         KP_Enter         KP_Enter         KP_Enter        
keycode  91 = KP_4             KP_4             Hex_4            KP_4             KP_4             Ascii_4          KP_4             KP_4            
keycode  92 = KP_5             KP_5             Hex_5            KP_5             KP_5             Ascii_5          KP_5             KP_5            
keycode  93 = KP_6             KP_6             Hex_6            KP_6             KP_6             Ascii_6          KP_6             KP_6            
keycode  94 = KP_0             KP_0             Hex_0            KP_0             KP_0             Ascii_0          KP_0             KP_0            
keycode  95 = VoidSymbol       VoidSymbol       VoidSymbol       VoidSymbol       VoidSymbol       VoidSymbol       VoidSymbol       VoidSymbol      
keycode  96 = Prior            Scroll_Backward  Prior            Prior            Prior            Prior            Prior            Prior           
keycode  97 = VoidSymbol       VoidSymbol       VoidSymbol       VoidSymbol       VoidSymbol       VoidSymbol       VoidSymbol       VoidSymbol      
keycode  98 = Num_Lock         Num_Lock         Num_Lock         Num_Lock         Num_Lock         Num_Lock         Num_Lock         Num_Lock        
keycode  99 = Shift            Shift            Shift            Shift            Shift            Shift            Shift            Shift           
keycode 100 = +z               +Z               +z               Control_z        Control_z        Meta_z           Meta_Z           Meta_Control_z  
keycode 101 = +x               +X               +x               Control_x        Control_x        Meta_x           Meta_X           Meta_Control_x  
keycode 102 = +c               +C               Hex_C            Control_c        Control_c        Meta_c           Meta_Control_c   VoidSymbol      
keycode 103 = +v               +V               +v               Control_v        Control_v        Meta_v           Meta_V           Meta_Control_v  
keycode 104 = +b               +B               Hex_B            Control_b        Control_b        Meta_b           Meta_Control_b   VoidSymbol      
keycode 105 = +n               +N               +n               Control_n        Control_n        Meta_n           Meta_N           Meta_Control_n  
keycode 106 = +m               +M               +m               Control_m        Control_m        Meta_m           Meta_M           Meta_Control_m  
keycode 107 = comma            semicolon        VoidSymbol       VoidSymbol       VoidSymbol       Meta_comma       Meta_less        VoidSymbol      
keycode 108 = period           colon            VoidSymbol       VoidSymbol       VoidSymbol       Meta_period      Meta_greater     VoidSymbol      
keycode 109 = minus            underscore       VoidSymbol       Delete           VoidSymbol       Meta_slash       VoidSymbol       VoidSymbol      
keycode 110 = Shift            Shift            Shift            Shift            Shift            Shift            Shift            Shift           
keycode 111 = Linefeed         Linefeed         Linefeed         Linefeed         Linefeed         Linefeed         Linefeed         Linefeed        
keycode 112 = KP_1             KP_1             Hex_1            KP_1             KP_1             Ascii_1          KP_1             KP_1            
keycode 113 = KP_2             KP_2             Hex_2            KP_2             KP_2             Ascii_2          KP_2             KP_2            
keycode 114 = KP_3             KP_3             Hex_3            KP_3             KP_3             Ascii_3          KP_3             KP_3            
keycode 115 = VoidSymbol       VoidSymbol       VoidSymbol       VoidSymbol       VoidSymbol       VoidSymbol       VoidSymbol       VoidSymbol      
keycode 116 = VoidSymbol       VoidSymbol       VoidSymbol       VoidSymbol       VoidSymbol       VoidSymbol       VoidSymbol       VoidSymbol      
keycode 117 = VoidSymbol       VoidSymbol       VoidSymbol       VoidSymbol       VoidSymbol       VoidSymbol       VoidSymbol       VoidSymbol      
keycode 118 = Help             Help             Help             Help             Help             Help             Help             Help            
keycode 119 = Control          Control          Control          Control          Control          Control          Control          Control         
keycode 120 = VoidSymbol       VoidSymbol       VoidSymbol       VoidSymbol       VoidSymbol       VoidSymbol       VoidSymbol       VoidSymbol      
keycode 121 = space            space            VoidSymbol       nul              VoidSymbol       Meta_space       VoidSymbol       VoidSymbol      
keycode 122 = VoidSymbol       VoidSymbol       VoidSymbol       VoidSymbol       VoidSymbol       VoidSymbol       VoidSymbol       VoidSymbol      
keycode 123 = Next             Scroll_Forward   Next             Next             Next             Next             Next             Next            
keycode 124 = less             greater          VoidSymbol       VoidSymbol       VoidSymbol       VoidSymbol       VoidSymbol       VoidSymbol      
keycode 125 = KP_Add           KP_Add           KP_Add           KP_Add           KP_Add           KP_Add           KP_Add           KP_Add          
keycode 126 = VoidSymbol       VoidSymbol       VoidSymbol       VoidSymbol       VoidSymbol       VoidSymbol       VoidSymbol       VoidSymbol      
keycode 127 = VoidSymbol       VoidSymbol       VoidSymbol       VoidSymbol       VoidSymbol       VoidSymbol       VoidSymbol       VoidSymbol      
keycode 128 = VoidSymbol       VoidSymbol       VoidSymbol       VoidSymbol       VoidSymbol       VoidSymbol       VoidSymbol       VoidSymbol      
keycode 129 = VoidSymbol       VoidSymbol       VoidSymbol       VoidSymbol       VoidSymbol       VoidSymbol       VoidSymbol       VoidSymbol      
keycode 130 = VoidSymbol       VoidSymbol       VoidSymbol       VoidSymbol       VoidSymbol       VoidSymbol       VoidSymbol       VoidSymbol      
keycode 131 = VoidSymbol       VoidSymbol       VoidSymbol       VoidSymbol       VoidSymbol       VoidSymbol       VoidSymbol       VoidSymbol      
keycode 132 = VoidSymbol       VoidSymbol       VoidSymbol       VoidSymbol       VoidSymbol       VoidSymbol       VoidSymbol       VoidSymbol      
keycode 133 = VoidSymbol       VoidSymbol       VoidSymbol       VoidSymbol       VoidSymbol       VoidSymbol       VoidSymbol       VoidSymbol      
keycode 134 = VoidSymbol       VoidSymbol       VoidSymbol       VoidSymbol       VoidSymbol       VoidSymbol       VoidSymbol       VoidSymbol      
keycode 135 = VoidSymbol       VoidSymbol       VoidSymbol       VoidSymbol       VoidSymbol       VoidSymbol       VoidSymbol       VoidSymbol      
keycode 136 = VoidSymbol       VoidSymbol       VoidSymbol       VoidSymbol       VoidSymbol       VoidSymbol       VoidSymbol       VoidSymbol      
keycode 137 = VoidSymbol       VoidSymbol       VoidSymbol       VoidSymbol       VoidSymbol       VoidSymbol       VoidSymbol       VoidSymbol      
keycode 138 = VoidSymbol       VoidSymbol       VoidSymbol       VoidSymbol       VoidSymbol       VoidSymbol       VoidSymbol       VoidSymbol      
keycode 139 = VoidSymbol       VoidSymbol       VoidSymbol       VoidSymbol       VoidSymbol       VoidSymbol       VoidSymbol       VoidSymbol      
keycode 140 = VoidSymbol       VoidSymbol       VoidSymbol       VoidSymbol       VoidSymbol       VoidSymbol       VoidSymbol       VoidSymbol      
keycode 141 = VoidSymbol       VoidSymbol       VoidSymbol       VoidSymbol       VoidSymbol       VoidSymbol       VoidSymbol       VoidSymbol      
keycode 142 = VoidSymbol       VoidSymbol       VoidSymbol       VoidSymbol       VoidSymbol       VoidSymbol       VoidSymbol       VoidSymbol      
keycode 143 = VoidSymbol       VoidSymbol       VoidSymbol       VoidSymbol       VoidSymbol       VoidSymbol       VoidSymbol       VoidSymbol      
keycode 144 = VoidSymbol       VoidSymbol       VoidSymbol       VoidSymbol       VoidSymbol       VoidSymbol       VoidSymbol       VoidSymbol      
keycode 145 = VoidSymbol       VoidSymbol       VoidSymbol       VoidSymbol       VoidSymbol       VoidSymbol       VoidSymbol       VoidSymbol      
keycode 146 = VoidSymbol       VoidSymbol       VoidSymbol       VoidSymbol       VoidSymbol       VoidSymbol       VoidSymbol       VoidSymbol      
keycode 147 = VoidSymbol       VoidSymbol       VoidSymbol       VoidSymbol       VoidSymbol       VoidSymbol       VoidSymbol       VoidSymbol      
keycode 148 = VoidSymbol       VoidSymbol       VoidSymbol       VoidSymbol       VoidSymbol       VoidSymbol       VoidSymbol       VoidSymbol      
keycode 149 = VoidSymbol       VoidSymbol       VoidSymbol       VoidSymbol       VoidSymbol       VoidSymbol       VoidSymbol       VoidSymbol      
keycode 150 = VoidSymbol       VoidSymbol       VoidSymbol       VoidSymbol       VoidSymbol       VoidSymbol       VoidSymbol       VoidSymbol      
keycode 151 = VoidSymbol       VoidSymbol       VoidSymbol       VoidSymbol       VoidSymbol       VoidSymbol       VoidSymbol       VoidSymbol      
keycode 152 = VoidSymbol       VoidSymbol       VoidSymbol       VoidSymbol       VoidSymbol       VoidSymbol       VoidSymbol       VoidSymbol      
keycode 153 = VoidSymbol       VoidSymbol       VoidSymbol       VoidSymbol       VoidSymbol       VoidSymbol       VoidSymbol       VoidSymbol      
keycode 154 = VoidSymbol       VoidSymbol       VoidSymbol       VoidSymbol       VoidSymbol       VoidSymbol       VoidSymbol       VoidSymbol      
keycode 155 = VoidSymbol       VoidSymbol       VoidSymbol       VoidSymbol       VoidSymbol       VoidSymbol       VoidSymbol       VoidSymbol      
keycode 156 = VoidSymbol       VoidSymbol       VoidSymbol       VoidSymbol       VoidSymbol       VoidSymbol       VoidSymbol       VoidSymbol      
keycode 157 = VoidSymbol       VoidSymbol       VoidSymbol       VoidSymbol       VoidSymbol       VoidSymbol       VoidSymbol       VoidSymbol      
keycode 158 = VoidSymbol       VoidSymbol       VoidSymbol       VoidSymbol       VoidSymbol       VoidSymbol       VoidSymbol       VoidSymbol      
keycode 159 = VoidSymbol       VoidSymbol       VoidSymbol       VoidSymbol       VoidSymbol       VoidSymbol       VoidSymbol       VoidSymbol      
keycode 160 = VoidSymbol       VoidSymbol       VoidSymbol       VoidSymbol       VoidSymbol       VoidSymbol       VoidSymbol       VoidSymbol      
keycode 161 = VoidSymbol       VoidSymbol       VoidSymbol       VoidSymbol       VoidSymbol       VoidSymbol       VoidSymbol       VoidSymbol      
keycode 162 = VoidSymbol       VoidSymbol       VoidSymbol       VoidSymbol       VoidSymbol       VoidSymbol       VoidSymbol       VoidSymbol      
keycode 163 = VoidSymbol       VoidSymbol       VoidSymbol       VoidSymbol       VoidSymbol       VoidSymbol       VoidSymbol       VoidSymbol      
keycode 164 = VoidSymbol       VoidSymbol       VoidSymbol       VoidSymbol       VoidSymbol       VoidSymbol       VoidSymbol       VoidSymbol      
keycode 165 = VoidSymbol       VoidSymbol       VoidSymbol       VoidSymbol       VoidSymbol       VoidSymbol       VoidSymbol       VoidSymbol      
keycode 166 = VoidSymbol       VoidSymbol       VoidSymbol       VoidSymbol       VoidSymbol       VoidSymbol       VoidSymbol       VoidSymbol      
keycode 167 = VoidSymbol       VoidSymbol       VoidSymbol       VoidSymbol       VoidSymbol       VoidSymbol       VoidSymbol       VoidSymbol      
keycode 168 = VoidSymbol       VoidSymbol       VoidSymbol       VoidSymbol       VoidSymbol       VoidSymbol       VoidSymbol       VoidSymbol      
keycode 169 = VoidSymbol       VoidSymbol       VoidSymbol       VoidSymbol       VoidSymbol       VoidSymbol       VoidSymbol       VoidSymbol      
keycode 170 = VoidSymbol       VoidSymbol       VoidSymbol       VoidSymbol       VoidSymbol       VoidSymbol       VoidSymbol       VoidSymbol      
keycode 171 = VoidSymbol       VoidSymbol       VoidSymbol       VoidSymbol       VoidSymbol       VoidSymbol       VoidSymbol       VoidSymbol      
keycode 172 = VoidSymbol       VoidSymbol       VoidSymbol       VoidSymbol       VoidSymbol       VoidSymbol       VoidSymbol       VoidSymbol      
keycode 173 = VoidSymbol       VoidSymbol       VoidSymbol       VoidSymbol       VoidSymbol       VoidSymbol       VoidSymbol       VoidSymbol      
keycode 174 = VoidSymbol       VoidSymbol       VoidSymbol       VoidSymbol       VoidSymbol       VoidSymbol       VoidSymbol       VoidSymbol      
keycode 175 = VoidSymbol       VoidSymbol       VoidSymbol       VoidSymbol       VoidSymbol       VoidSymbol       VoidSymbol       VoidSymbol      
keycode 176 = VoidSymbol       VoidSymbol       VoidSymbol       VoidSymbol       VoidSymbol       VoidSymbol       VoidSymbol       VoidSymbol      
keycode 177 = VoidSymbol       VoidSymbol       VoidSymbol       VoidSymbol       VoidSymbol       VoidSymbol       VoidSymbol       VoidSymbol      
keycode 178 = VoidSymbol       VoidSymbol       VoidSymbol       VoidSymbol       VoidSymbol       VoidSymbol       VoidSymbol       VoidSymbol      
keycode 179 = VoidSymbol       VoidSymbol       VoidSymbol       VoidSymbol       VoidSymbol       VoidSymbol       VoidSymbol       VoidSymbol      
keycode 180 = VoidSymbol       VoidSymbol       VoidSymbol       VoidSymbol       VoidSymbol       VoidSymbol       VoidSymbol       VoidSymbol      
keycode 181 = VoidSymbol       VoidSymbol       VoidSymbol       VoidSymbol       VoidSymbol       VoidSymbol       VoidSymbol       VoidSymbol      
keycode 182 = VoidSymbol       VoidSymbol       VoidSymbol       VoidSymbol       VoidSymbol       VoidSymbol       VoidSymbol       VoidSymbol      
keycode 183 = VoidSymbol       VoidSymbol       VoidSymbol       VoidSymbol       VoidSymbol       VoidSymbol       VoidSymbol       VoidSymbol      
keycode 184 = VoidSymbol       VoidSymbol       VoidSymbol       VoidSymbol       VoidSymbol       VoidSymbol       VoidSymbol       VoidSymbol      
keycode 185 = VoidSymbol       VoidSymbol       VoidSymbol       VoidSymbol       VoidSymbol       VoidSymbol       VoidSymbol       VoidSymbol      
keycode 186 = VoidSymbol       VoidSymbol       VoidSymbol       VoidSymbol       VoidSymbol       VoidSymbol       VoidSymbol       VoidSymbol      
keycode 187 = VoidSymbol       VoidSymbol       VoidSymbol       VoidSymbol       VoidSymbol       VoidSymbol       VoidSymbol       VoidSymbol      
keycode 188 = VoidSymbol       VoidSymbol       VoidSymbol       VoidSymbol       VoidSymbol       VoidSymbol       VoidSymbol       VoidSymbol      
keycode 189 = VoidSymbol       VoidSymbol       VoidSymbol       VoidSymbol       VoidSymbol       VoidSymbol       VoidSymbol       VoidSymbol      
keycode 190 = VoidSymbol       VoidSymbol       VoidSymbol       VoidSymbol       VoidSymbol       VoidSymbol       VoidSymbol       VoidSymbol      
keycode 191 = VoidSymbol       VoidSymbol       VoidSymbol       VoidSymbol       VoidSymbol       VoidSymbol       VoidSymbol       VoidSymbol      
keycode 192 = VoidSymbol       VoidSymbol       VoidSymbol       VoidSymbol       VoidSymbol       VoidSymbol       VoidSymbol       VoidSymbol      
keycode 193 = VoidSymbol       VoidSymbol       VoidSymbol       VoidSymbol       VoidSymbol       VoidSymbol       VoidSymbol       VoidSymbol      
keycode 194 = VoidSymbol       VoidSymbol       VoidSymbol       VoidSymbol       VoidSymbol       VoidSymbol       VoidSymbol       VoidSymbol      
keycode 195 = VoidSymbol       VoidSymbol       VoidSymbol       VoidSymbol       VoidSymbol       VoidSymbol       VoidSymbol       VoidSymbol      
keycode 196 = VoidSymbol       VoidSymbol       VoidSymbol       VoidSymbol       VoidSymbol       VoidSymbol       VoidSymbol       VoidSymbol      
keycode 197 = VoidSymbol       VoidSymbol       VoidSymbol       VoidSymbol       VoidSymbol       VoidSymbol       VoidSymbol       VoidSymbol      
keycode 198 = VoidSymbol       VoidSymbol       VoidSymbol       VoidSymbol       VoidSymbol       VoidSymbol       VoidSymbol       VoidSymbol      
keycode 199 = VoidSymbol       VoidSymbol       VoidSymbol       VoidSymbol       VoidSymbol       VoidSymbol       VoidSymbol       VoidSymbol      
keycode 200 = VoidSymbol       VoidSymbol       VoidSymbol       VoidSymbol       VoidSymbol       VoidSymbol       VoidSymbol       VoidSymbol      
keycode 201 = VoidSymbol       VoidSymbol       VoidSymbol       VoidSymbol       VoidSymbol       VoidSymbol       VoidSymbol       VoidSymbol      
keycode 202 = VoidSymbol       VoidSymbol       VoidSymbol       VoidSymbol       VoidSymbol       VoidSymbol       VoidSymbol       VoidSymbol      
keycode 203 = VoidSymbol       VoidSymbol       VoidSymbol       VoidSymbol       VoidSymbol       VoidSymbol       VoidSymbol       VoidSymbol      
keycode 204 = VoidSymbol       VoidSymbol       VoidSymbol       VoidSymbol       VoidSymbol       VoidSymbol       VoidSymbol       VoidSymbol      
keycode 205 = VoidSymbol       VoidSymbol       VoidSymbol       VoidSymbol       VoidSymbol       VoidSymbol       VoidSymbol       VoidSymbol      
keycode 206 = VoidSymbol       VoidSymbol       VoidSymbol       VoidSymbol       VoidSymbol       VoidSymbol       VoidSymbol       VoidSymbol      
keycode 207 = VoidSymbol       VoidSymbol       VoidSymbol       VoidSymbol       VoidSymbol       VoidSymbol       VoidSymbol       VoidSymbol      
keycode 208 = VoidSymbol       VoidSymbol       VoidSymbol       VoidSymbol       VoidSymbol       VoidSymbol       VoidSymbol       VoidSymbol      
keycode 209 = VoidSymbol       VoidSymbol       VoidSymbol       VoidSymbol       VoidSymbol       VoidSymbol       VoidSymbol       VoidSymbol      
keycode 210 = VoidSymbol       VoidSymbol       VoidSymbol       VoidSymbol       VoidSymbol       VoidSymbol       VoidSymbol       VoidSymbol      
keycode 211 = VoidSymbol       VoidSymbol       VoidSymbol       VoidSymbol       VoidSymbol       VoidSymbol       VoidSymbol       VoidSymbol      
keycode 212 = VoidSymbol       VoidSymbol       VoidSymbol       VoidSymbol       VoidSymbol       VoidSymbol       VoidSymbol       VoidSymbol      
keycode 213 = VoidSymbol       VoidSymbol       VoidSymbol       VoidSymbol       VoidSymbol       VoidSymbol       VoidSymbol       VoidSymbol      
keycode 214 = VoidSymbol       VoidSymbol       VoidSymbol       VoidSymbol       VoidSymbol       VoidSymbol       VoidSymbol       VoidSymbol      
keycode 215 = VoidSymbol       VoidSymbol       VoidSymbol       VoidSymbol       VoidSymbol       VoidSymbol       VoidSymbol       VoidSymbol      
keycode 216 = VoidSymbol       VoidSymbol       VoidSymbol       VoidSymbol       VoidSymbol       VoidSymbol       VoidSymbol       VoidSymbol      
keycode 217 = VoidSymbol       VoidSymbol       VoidSymbol       VoidSymbol       VoidSymbol       VoidSymbol       VoidSymbol       VoidSymbol      
keycode 218 = VoidSymbol       VoidSymbol       VoidSymbol       VoidSymbol       VoidSymbol       VoidSymbol       VoidSymbol       VoidSymbol      
keycode 219 = VoidSymbol       VoidSymbol       VoidSymbol       VoidSymbol       VoidSymbol       VoidSymbol       VoidSymbol       VoidSymbol      
keycode 220 = VoidSymbol       VoidSymbol       VoidSymbol       VoidSymbol       VoidSymbol       VoidSymbol       VoidSymbol       VoidSymbol      
keycode 221 = VoidSymbol       VoidSymbol       VoidSymbol       VoidSymbol       VoidSymbol       VoidSymbol       VoidSymbol       VoidSymbol      
keycode 222 = VoidSymbol       VoidSymbol       VoidSymbol       VoidSymbol       VoidSymbol       VoidSymbol       VoidSymbol       VoidSymbol      
keycode 223 = VoidSymbol       VoidSymbol       VoidSymbol       VoidSymbol       VoidSymbol       VoidSymbol       VoidSymbol       VoidSymbol      
keycode 224 = VoidSymbol       VoidSymbol       VoidSymbol       VoidSymbol       VoidSymbol       VoidSymbol       VoidSymbol       VoidSymbol      
keycode 225 = VoidSymbol       VoidSymbol       VoidSymbol       VoidSymbol       VoidSymbol       VoidSymbol       VoidSymbol       VoidSymbol      
keycode 226 = VoidSymbol       VoidSymbol       VoidSymbol       VoidSymbol       VoidSymbol       VoidSymbol       VoidSymbol       VoidSymbol      
keycode 227 = VoidSymbol       VoidSymbol       VoidSymbol       VoidSymbol       VoidSymbol       VoidSymbol       VoidSymbol       VoidSymbol      
keycode 228 = VoidSymbol       VoidSymbol       VoidSymbol       VoidSymbol       VoidSymbol       VoidSymbol       VoidSymbol       VoidSymbol      
keycode 229 = VoidSymbol       VoidSymbol       VoidSymbol       VoidSymbol       VoidSymbol       VoidSymbol       VoidSymbol       VoidSymbol      
keycode 230 = VoidSymbol       VoidSymbol       VoidSymbol       VoidSymbol       VoidSymbol       VoidSymbol       VoidSymbol       VoidSymbol      
keycode 231 = VoidSymbol       VoidSymbol       VoidSymbol       VoidSymbol       VoidSymbol       VoidSymbol       VoidSymbol       VoidSymbol      
keycode 232 = VoidSymbol       VoidSymbol       VoidSymbol       VoidSymbol       VoidSymbol       VoidSymbol       VoidSymbol       VoidSymbol      
keycode 233 = VoidSymbol       VoidSymbol       VoidSymbol       VoidSymbol       VoidSymbol       VoidSymbol       VoidSymbol       VoidSymbol      
keycode 234 = VoidSymbol       VoidSymbol       VoidSymbol       VoidSymbol       VoidSymbol       VoidSymbol       VoidSymbol       VoidSymbol      
keycode 235 = VoidSymbol       VoidSymbol       VoidSymbol       VoidSymbol       VoidSymbol       VoidSymbol       VoidSymbol       VoidSymbol      
keycode 236 = VoidSymbol       VoidSymbol       VoidSymbol       VoidSymbol       VoidSymbol       VoidSymbol       VoidSymbol       VoidSymbol      
keycode 237 = VoidSymbol       VoidSymbol       VoidSymbol       VoidSymbol       VoidSymbol       VoidSymbol       VoidSymbol       VoidSymbol      
keycode 238 = VoidSymbol       VoidSymbol       VoidSymbol       VoidSymbol       VoidSymbol       VoidSymbol       VoidSymbol       VoidSymbol      
keycode 239 = VoidSymbol       VoidSymbol       VoidSymbol       VoidSymbol       VoidSymbol       VoidSymbol       VoidSymbol       VoidSymbol      
keycode 240 = VoidSymbol       VoidSymbol       VoidSymbol       VoidSymbol       VoidSymbol       VoidSymbol       VoidSymbol       VoidSymbol      
keycode 241 = VoidSymbol       VoidSymbol       VoidSymbol       VoidSymbol       VoidSymbol       VoidSymbol       VoidSymbol       VoidSymbol      
keycode 242 = VoidSymbol       VoidSymbol       VoidSymbol       VoidSymbol       VoidSymbol       VoidSymbol       VoidSymbol       VoidSymbol      
keycode 243 = VoidSymbol       VoidSymbol       VoidSymbol       VoidSymbol       VoidSymbol       VoidSymbol       VoidSymbol       VoidSymbol      
keycode 244 = VoidSymbol       VoidSymbol       VoidSymbol       VoidSymbol       VoidSymbol       VoidSymbol       VoidSymbol       VoidSymbol      
keycode 245 = VoidSymbol       VoidSymbol       VoidSymbol       VoidSymbol       VoidSymbol       VoidSymbol       VoidSymbol       VoidSymbol      
keycode 246 = VoidSymbol       VoidSymbol       VoidSymbol       VoidSymbol       VoidSymbol       VoidSymbol       VoidSymbol       VoidSymbol      
keycode 247 = VoidSymbol       VoidSymbol       VoidSymbol       VoidSymbol       VoidSymbol       VoidSymbol       VoidSymbol       VoidSymbol      
keycode 248 = VoidSymbol       VoidSymbol       VoidSymbol       VoidSymbol       VoidSymbol       VoidSymbol       VoidSymbol       VoidSymbol      
keycode 249 = VoidSymbol       VoidSymbol       VoidSymbol       VoidSymbol       VoidSymbol       VoidSymbol       VoidSymbol       VoidSymbol      
keycode 250 = VoidSymbol       VoidSymbol       VoidSymbol       VoidSymbol       VoidSymbol       VoidSymbol       VoidSymbol       VoidSymbol      
keycode 251 = VoidSymbol       VoidSymbol       VoidSymbol       VoidSymbol       VoidSymbol       VoidSymbol       VoidSymbol       VoidSymbol      
keycode 252 = VoidSymbol       VoidSymbol       VoidSymbol       VoidSymbol       VoidSymbol       VoidSymbol       VoidSymbol       VoidSymbol      
keycode 253 = VoidSymbol       VoidSymbol       VoidSymbol       VoidSymbol       VoidSymbol       VoidSymbol       VoidSymbol       VoidSymbol      
keycode 254 = VoidSymbol       VoidSymbol       VoidSymbol       VoidSymbol       VoidSymbol       VoidSymbol       VoidSymbol       VoidSymbol      
keycode 255 = VoidSymbol       VoidSymbol       VoidSymbol       VoidSymbol       VoidSymbol       VoidSymbol       VoidSymbol       VoidSymbol      
string F1 = "\033[[A"
string F2 = "\033[[B"
string F3 = "\033[[C"
string F4 = "\033[[D"
string F5 = "\033[[E"
string F6 = "\033[17~"
string F7 = "\033[18~"
string F8 = "\033[19~"
string F9 = "\033[20~"
string F10 = "\033[21~"
string F11 = "\033[23~"
string F12 = "\033[24~"
string F13 = "\033[25~"
string F14 = "\033[26~"
string F15 = "\033[28~"
string F16 = "\033[29~"
string F17 = "\033[31~"
string F18 = "\033[32~"
string F19 = "\033[33~"
string F20 = "\033[34~"
string Find = "\033[1~"
string Insert = "\033[2~"
string Remove = "\033[3~"
string Select = "\033[4~"
string Prior = "\033[5~"
string Next = "\033[6~"
compose '`' 'A' to Agrave
compose '`' 'a' to agrave
compose '\'' 'A' to Aacute
compose '\'' 'a' to aacute
compose '^' 'A' to Acircumflex
compose '^' 'a' to acircumflex
compose '~' 'A' to Atilde
compose '~' 'a' to atilde
compose '"' 'A' to Adiaeresis
compose '"' 'a' to adiaeresis
compose 'O' 'A' to Aring
compose 'o' 'a' to aring
compose '0' 'A' to Aring
compose '0' 'a' to aring
compose 'A' 'A' to Aring
compose 'a' 'a' to aring
compose 'A' 'E' to AE
compose 'a' 'e' to ae
compose ',' 'C' to Ccedilla
compose ',' 'c' to ccedilla
compose '`' 'E' to Egrave
compose '`' 'e' to egrave
compose '\'' 'E' to Eacute
compose '\'' 'e' to eacute
compose '^' 'E' to Ecircumflex
compose '^' 'e' to ecircumflex
compose '"' 'E' to Ediaeresis
compose '"' 'e' to ediaeresis
compose '`' 'I' to Igrave
compose '`' 'i' to igrave
compose '\'' 'I' to Iacute
compose '\'' 'i' to iacute
compose '^' 'I' to Icircumflex
compose '^' 'i' to icircumflex
compose '"' 'I' to Idiaeresis
compose '"' 'i' to idiaeresis
compose '-' 'D' to ETH
compose '-' 'd' to eth
compose '~' 'N' to Ntilde
compose '~' 'n' to ntilde
compose '`' 'O' to Ograve
compose '`' 'o' to ograve
compose '\'' 'O' to Oacute
compose '\'' 'o' to oacute
compose '^' 'O' to Ocircumflex
compose '^' 'o' to ocircumflex
compose '~' 'O' to Otilde
compose '~' 'o' to otilde
compose '"' 'O' to Odiaeresis
compose '"' 'o' to odiaeresis
compose '/' 'O' to Ooblique
compose '/' 'o' to oslash
compose '`' 'U' to Ugrave
compose '`' 'u' to ugrave
compose '\'' 'U' to Uacute
compose '\'' 'u' to uacute
compose '^' 'U' to Ucircumflex
compose '^' 'u' to ucircumflex
compose '"' 'U' to Udiaeresis
compose '"' 'u' to udiaeresis
compose '\'' 'Y' to Yacute
compose '\'' 'y' to yacute
compose 'T' 'H' to THORN
compose 't' 'h' to thorn
compose 's' 's' to ssharp
compose '"' 'y' to ydiaeresis
compose 's' 'z' to ssharp
compose 'i' 'j' to ydiaeresis
